/home/bingxing2/ailab/scxlab0095/.local/lib/python3.9/site-packages/torch/functional.py:504: UserWarning: torch.meshgrid: in an upcoming release, it will be required to pass the indexing argument. (Triggered internally at /home/bingxing2/home/scx6002/pengyq/pytorch-v2.0.0/aten/src/ATen/native/TensorShape.cpp:3483.)
  return _VF.meshgrid(tensors, **kwargs)  # type: ignore[attr-defined]
Memory: 14.70 GB 0|300 error=0.015926362946629524 error_LSR=0.00011247169459238648 res=2.7001853595720604e-05 res_LSR=3.6829617133804504e-09 time=7.110958965495229
Memory: 14.70 GB 1|300 error=0.009192888624966145 error_LSR=0.00018472310330253094 res=5.583519669016823e-05 res_LSR=1.6398812974216526e-08 time=6.886417228728533
Memory: 14.70 GB 2|300 error=0.04196081683039665 error_LSR=0.001796608092263341 res=0.0007121060625649989 res_LSR=1.4732544073581266e-08 time=6.890708988532424
Memory: 14.70 GB 3|300 error=0.007173696532845497 error_LSR=4.6821736759739e-05 res=5.320557102095336e-05 res_LSR=5.809694503255969e-09 time=6.886755540966988
Memory: 14.70 GB 4|300 error=0.005301687400788069 error_LSR=3.7774447264382616e-05 res=0.00012412111391313374 res_LSR=1.1751069450838258e-08 time=6.896098006516695
Memory: 14.70 GB 5|300 error=0.005985872820019722 error_LSR=2.7165904612047598e-05 res=8.305133815156296e-05 res_LSR=7.649290978406498e-09 time=6.88879220187664
Memory: 14.70 GB 6|300 error=0.005064868368208408 error_LSR=2.7842650524689816e-05 res=0.0001238412514794618 res_LSR=9.250382682068903e-09 time=6.893929157406092
Memory: 14.70 GB 7|300 error=0.010068629868328571 error_LSR=7.431658013956621e-05 res=0.0001985647395486012 res_LSR=7.1721850680717125e-09 time=6.892674923874438
Memory: 14.70 GB 8|300 error=0.09038925915956497 error_LSR=0.011380236595869064 res=0.00297308387234807 res_LSR=1.5391147911714143e-08 time=6.891153325326741
Memory: 14.70 GB 9|300 error=0.039199113845825195 error_LSR=0.0018117135623469949 res=0.0007088424172252417 res_LSR=7.559012971114498e-09 time=6.890613812953234
Memory: 14.70 GB 10|300 error=0.003652102779597044 error_LSR=5.3202882554614916e-05 res=1.8090175217366777e-05 res_LSR=6.052715662008268e-09 time=6.88813257124275
Memory: 14.70 GB 11|300 error=0.010416395962238312 error_LSR=7.527897105319425e-05 res=0.00027132517425343394 res_LSR=7.393289536139491e-09 time=6.890872626565397
Memory: 14.70 GB 12|300 error=0.007069590501487255 error_LSR=7.321833982132375e-05 res=4.329121657065116e-05 res_LSR=6.268224161942726e-09 time=6.887082390487194
Memory: 14.70 GB 13|300 error=0.004368617665022612 error_LSR=5.733377474825829e-05 res=3.077676592511125e-05 res_LSR=7.658212730632386e-09 time=6.887698392383754
Memory: 14.70 GB 14|300 error=0.005843541119247675 error_LSR=3.637233021436259e-05 res=2.8023488994222134e-05 res_LSR=6.751546433036992e-09 time=6.887216774746776
Memory: 14.70 GB 15|300 error=0.003789055161178112 error_LSR=2.6057152354042046e-05 res=6.174199370434508e-05 res_LSR=5.551322068697573e-09 time=6.88598494976759
Memory: 14.70 GB 16|300 error=0.007399294525384903 error_LSR=4.974021794623695e-05 res=0.00011362245277268812 res_LSR=1.5247850981836564e-08 time=6.8848843378946185
Memory: 14.70 GB 17|300 error=0.007019414100795984 error_LSR=3.715016646310687e-05 res=0.0001058058551279828 res_LSR=7.352623399015101e-09 time=6.88166544213891
Memory: 14.70 GB 18|300 error=0.009173883125185966 error_LSR=9.302971739089116e-05 res=2.0219360521878116e-05 res_LSR=7.5562223145198e-09 time=6.890140084549785
Memory: 14.70 GB 19|300 error=0.008070394396781921 error_LSR=4.5120927097741514e-05 res=0.0001257304393220693 res_LSR=6.120759898919914e-09 time=6.882883251644671
Memory: 14.70 GB 20|300 error=0.020586559548974037 error_LSR=0.00040460677701048553 res=0.0015354449860751629 res_LSR=1.4901813116807716e-08 time=6.881038633175194
Memory: 14.70 GB 21|300 error=0.009029640816152096 error_LSR=6.861236033728346e-05 res=0.00031427029171027243 res_LSR=6.306080102547185e-09 time=6.881811855360866
Memory: 14.70 GB 22|300 error=0.013549130409955978 error_LSR=0.00015799325774423778 res=0.0002768570266198367 res_LSR=1.0875409017785387e-08 time=6.887377712875605
Memory: 14.70 GB 23|300 error=0.006571148056536913 error_LSR=2.38346510741394e-05 res=0.00014080551045481116 res_LSR=3.858511288257205e-09 time=6.8815383315086365
Memory: 14.70 GB 24|300 error=0.007246487308293581 error_LSR=7.683170406380668e-05 res=4.3635242036543787e-05 res_LSR=7.949093827619436e-09 time=6.883448764681816
Memory: 14.70 GB 25|300 error=0.007240556180477142 error_LSR=3.763152926694602e-05 res=0.00020609254715964198 res_LSR=9.772890052772709e-09 time=6.880961762741208
Memory: 14.70 GB 26|300 error=0.005718462634831667 error_LSR=5.975187377771363e-05 res=3.2446409022668377e-05 res_LSR=7.7047275226505e-09 time=6.878113851882517
Memory: 14.70 GB 27|300 error=0.008227691054344177 error_LSR=5.655904533341527e-05 res=7.970634032972157e-05 res_LSR=1.0866487265559499e-08 time=6.880583742633462
Memory: 14.70 GB 28|300 error=0.012198573909699917 error_LSR=4.0313552744919434e-05 res=0.00012751645408570766 res_LSR=4.4077688166055395e-09 time=6.882718623615801
Memory: 14.70 GB 29|300 error=0.021576255559921265 error_LSR=0.00034819840220734477 res=0.00028749724151566625 res_LSR=6.630683113684199e-09 time=6.888880590908229
Memory: 14.70 GB 30|300 error=0.00328046060167253 error_LSR=4.608151357388124e-05 res=2.9764425562461838e-05 res_LSR=9.147385071628378e-09 time=6.881752131506801
Memory: 14.70 GB 31|300 error=0.009858095087110996 error_LSR=8.390920265810564e-05 res=2.7589618184720166e-05 res_LSR=8.677546681212789e-09 time=6.884117820300162
Memory: 14.70 GB 32|300 error=0.006563223898410797 error_LSR=3.998721149400808e-05 res=5.502736894413829e-05 res_LSR=8.363583603454572e-09 time=6.883706716820598
Memory: 14.70 GB 33|300 error=0.009291060268878937 error_LSR=7.494282181141898e-05 res=2.1928308342467062e-05 res_LSR=5.123118373973057e-09 time=6.888585573062301
Memory: 14.70 GB 34|300 error=0.016066500917077065 error_LSR=0.00016233314818236977 res=0.00036183500196784735 res_LSR=1.274751415536457e-08 time=6.882252345792949
Memory: 14.70 GB 35|300 error=0.0036502385046333075 error_LSR=6.814838707214221e-05 res=2.0044375560246408e-05 res_LSR=8.303070231363563e-09 time=6.884307718835771
Memory: 14.70 GB 36|300 error=0.008343196474015713 error_LSR=3.4536202292656526e-05 res=4.3917621951550245e-05 res_LSR=4.709629575216923e-09 time=6.8838712265715
Memory: 14.70 GB 37|300 error=0.006505495868623257 error_LSR=7.979814108693972e-05 res=3.225261752959341e-05 res_LSR=6.169994293259151e-09 time=6.878139058127999
Memory: 14.70 GB 38|300 error=0.014553644694387913 error_LSR=0.0001693493250058964 res=0.0002020683605223894 res_LSR=9.708115200623979e-09 time=6.885609343647957
Memory: 14.70 GB 39|300 error=0.005969397258013487 error_LSR=2.7346397473593242e-05 res=7.957906927913427e-05 res_LSR=6.706025068581312e-09 time=6.882843494415283
Memory: 14.70 GB 40|300 error=0.008307141251862049 error_LSR=3.581325290724635e-05 res=0.00013610749738290906 res_LSR=8.8337799297733e-09 time=6.883666227571666
Memory: 14.70 GB 41|300 error=0.02834160439670086 error_LSR=0.0006846109754405916 res=0.0002659803722053766 res_LSR=1.3522275743582668e-08 time=6.8876016940921545
Memory: 14.70 GB 42|300 error=0.013745834119617939 error_LSR=0.00013807337381877005 res=0.0001346269709756598 res_LSR=6.6520580155327025e-09 time=6.882723558694124
Memory: 14.70 GB 43|300 error=0.013574294745922089 error_LSR=0.00016142117965500802 res=0.00025506611564196646 res_LSR=6.311137390468957e-09 time=6.882734512910247
Memory: 14.70 GB 44|300 error=0.00853972602635622 error_LSR=5.135368337505497e-05 res=0.00028129108250141144 res_LSR=1.5211831794204045e-08 time=6.885569260455668
Memory: 14.70 GB 45|300 error=0.004585524555295706 error_LSR=7.597413787152618e-05 res=3.758988532354124e-05 res_LSR=1.53540096192728e-08 time=6.8865990824997425
Memory: 14.70 GB 46|300 error=0.005610235501080751 error_LSR=4.179754250799306e-05 res=4.5520337152993307e-05 res_LSR=7.655400757755615e-09 time=6.883651370182633
Memory: 14.70 GB 47|300 error=0.0032469145953655243 error_LSR=4.40841649833601e-05 res=4.995326526113786e-05 res_LSR=8.933615625039693e-09 time=6.886151950806379
Memory: 14.70 GB 48|300 error=0.01348596066236496 error_LSR=0.0001263651647605002 res=1.8604901924845763e-05 res_LSR=6.040665301298986e-09 time=6.889227817766368
Memory: 14.70 GB 49|300 error=0.010325962677598 error_LSR=6.071661118767224e-05 res=7.238343096105382e-05 res_LSR=9.086917884815193e-09 time=6.884213862940669
Memory: 14.70 GB 50|300 error=0.004127673804759979 error_LSR=4.160164826316759e-05 res=5.4846430430188775e-05 res_LSR=7.601554941061295e-09 time=6.887213927693665
Memory: 14.70 GB 51|300 error=0.005843823775649071 error_LSR=5.473533383337781e-05 res=4.323215034673922e-05 res_LSR=5.901260813345743e-09 time=6.887177535332739
Memory: 14.70 GB 52|300 error=0.004721483681350946 error_LSR=3.511733666528016e-05 res=2.8148782803327776e-05 res_LSR=4.883926596477295e-09 time=6.885598250664771
Memory: 14.70 GB 53|300 error=0.0036674465518444777 error_LSR=5.837851495016366e-05 res=2.5221106625394896e-05 res_LSR=1.0082404244826648e-08 time=6.881777498871088
Memory: 14.70 GB 54|300 error=0.022423356771469116 error_LSR=0.0005197982536628842 res=0.0020227523054927588 res_LSR=1.372693159140681e-08 time=6.884317444637418
Memory: 14.70 GB 55|300 error=0.029221180826425552 error_LSR=0.00012548829545266926 res=5.9455749578773975e-05 res_LSR=5.548816073286389e-09 time=6.893530975095928
Memory: 14.70 GB 56|300 error=0.005037549417465925 error_LSR=3.6846940929535776e-05 res=1.862782119133044e-05 res_LSR=5.143661940820721e-09 time=6.890980266965926
Memory: 14.70 GB 57|300 error=0.005603724624961615 error_LSR=2.9926748538855463e-05 res=0.00012045628682244569 res_LSR=1.1905438412895819e-08 time=6.890109463594854
Memory: 14.70 GB 58|300 error=0.01268763281404972 error_LSR=0.00013658580428455025 res=0.000509649864397943 res_LSR=6.199749158497525e-09 time=6.892420655116439
Memory: 14.70 GB 59|300 error=0.005588297266513109 error_LSR=3.9389484300045297e-05 res=4.283878661226481e-05 res_LSR=5.076762565892068e-09 time=6.894123331643641
Memory: 14.70 GB 60|300 error=0.008371613919734955 error_LSR=4.03517005906906e-05 res=0.0002231705148005858 res_LSR=9.49924494619836e-09 time=6.895718682557344
Memory: 14.70 GB 61|300 error=0.01053696684539318 error_LSR=4.926287510897964e-05 res=0.00011990075290668756 res_LSR=7.736744578323851e-09 time=6.886343608610332
Memory: 14.70 GB 62|300 error=0.01572413183748722 error_LSR=0.00020518906239885837 res=0.00045155175030231476 res_LSR=1.3885085081710713e-08 time=6.8905154801905155
Memory: 14.70 GB 63|300 error=0.003346731886267662 error_LSR=3.348633981659077e-05 res=4.115553019801155e-05 res_LSR=8.815676189044552e-09 time=6.890827960334718
Memory: 14.70 GB 64|300 error=0.007876332849264145 error_LSR=3.035239024029579e-05 res=0.00010167916479986161 res_LSR=7.233108334503413e-09 time=6.891133140772581
Memory: 14.70 GB 65|300 error=0.004105095751583576 error_LSR=1.905791759782005e-05 res=6.908311479492113e-05 res_LSR=5.997253804679303e-09 time=6.891734629869461
Memory: 14.70 GB 66|300 error=0.00586739182472229 error_LSR=4.808983430848457e-05 res=4.723324309452437e-05 res_LSR=8.971255738288164e-09 time=6.892578405328095
Memory: 14.70 GB 67|300 error=0.004705853760242462 error_LSR=4.807844015886076e-05 res=2.8975049644941464e-05 res_LSR=6.4193175219884324e-09 time=6.887477685697377
Memory: 14.70 GB 68|300 error=0.0034372813533991575 error_LSR=3.7782341678394005e-05 res=7.66728917369619e-05 res_LSR=7.238786459140556e-09 time=6.894630027003586
Memory: 14.70 GB 69|300 error=0.008027255535125732 error_LSR=5.379196591093205e-05 res=0.00010374312842031941 res_LSR=1.4421620342375263e-08 time=6.8923709113150835
Memory: 14.70 GB 70|300 error=0.012599742971360683 error_LSR=0.000152371620060876 res=0.00045173621037974954 res_LSR=1.495704360365835e-08 time=6.895583150908351
Memory: 14.70 GB 71|300 error=0.007783179171383381 error_LSR=0.00013952399604022503 res=1.6298234186251648e-05 res_LSR=6.393838791751705e-09 time=6.892992849461734
Memory: 14.70 GB 72|300 error=0.01803397759795189 error_LSR=0.0003891923697665334 res=0.0017075296491384506 res_LSR=1.730387921838883e-08 time=6.890346745029092
Memory: 14.70 GB 73|300 error=0.006155588664114475 error_LSR=3.5064371331827715e-05 res=5.137528569321148e-05 res_LSR=7.039869576175306e-09 time=6.890053912997246
Memory: 14.70 GB 74|300 error=0.00463403994217515 error_LSR=5.6184169807238504e-05 res=2.8388341888785362e-05 res_LSR=6.74915368037432e-09 time=6.891212339513004
Memory: 14.70 GB 75|300 error=0.010615870356559753 error_LSR=5.9777808928629383e-05 res=9.851156210061163e-05 res_LSR=1.2379794078754003e-08 time=6.890041635371745
Memory: 14.70 GB 76|300 error=0.012052175588905811 error_LSR=5.9294470702297986e-05 res=0.00011794247257057577 res_LSR=4.648454954292447e-09 time=6.891381936147809
Memory: 14.70 GB 77|300 error=0.03546454757452011 error_LSR=0.0010399451712146401 res=0.0005622500902973115 res_LSR=6.274292640995327e-09 time=6.889091094955802
Memory: 14.70 GB 78|300 error=0.004772867076098919 error_LSR=3.900103547493927e-05 res=3.866956467390992e-05 res_LSR=8.316517252637823e-09 time=6.8915929067879915
Memory: 14.70 GB 79|300 error=0.005156067665666342 error_LSR=2.1707021005568095e-05 res=4.8834612243808806e-05 res_LSR=3.856958308290359e-09 time=6.888410551473498
Memory: 14.70 GB 80|300 error=0.0049131098203361034 error_LSR=5.6760196457616985e-05 res=1.6401245375163853e-05 res_LSR=6.612216996160214e-09 time=6.884240871295333
Memory: 14.70 GB 81|300 error=0.053764354437589645 error_LSR=0.003376503475010395 res=0.0009747882140800357 res_LSR=1.0745970335790389e-08 time=6.8849145052954555
Memory: 14.70 GB 82|300 error=0.005433611571788788 error_LSR=2.9011287551838905e-05 res=0.00012561150651890785 res_LSR=8.201809009733552e-09 time=6.892447631806135
Memory: 14.70 GB 83|300 error=0.00486312760040164 error_LSR=6.476775160990655e-05 res=6.468948413385078e-05 res_LSR=1.2890712497437562e-08 time=6.890438658185303
Memory: 14.70 GB 84|300 error=0.016581354662775993 error_LSR=0.0004906131653115153 res=0.002391945570707321 res_LSR=2.775786356323806e-08 time=6.90060144290328
Memory: 14.70 GB 85|300 error=0.0066947415471076965 error_LSR=7.594971975777298e-05 res=2.764315649983473e-05 res_LSR=4.203447367956414e-09 time=6.887420288287103
Memory: 14.70 GB 86|300 error=0.012304442934691906 error_LSR=0.00028641155222430825 res=2.090450652758591e-05 res_LSR=1.0142178652472467e-08 time=6.893230319023132
Memory: 14.70 GB 87|300 error=0.006794299464672804 error_LSR=5.510169285116717e-05 res=6.531102553708479e-05 res_LSR=8.134129814152402e-09 time=6.887951452285051
Memory: 14.70 GB 88|300 error=0.009040731005370617 error_LSR=5.5987013183766976e-05 res=6.855519313830882e-05 res_LSR=5.668320035567831e-09 time=6.890670693479478
Memory: 14.70 GB 89|300 error=0.00867285206913948 error_LSR=5.333475201041438e-05 res=0.00012521409371402115 res_LSR=1.0518193427344613e-08 time=6.892761007882655
Memory: 14.70 GB 90|300 error=0.01384925376623869 error_LSR=0.0001249369524884969 res=2.4302771635120735e-05 res_LSR=6.081103176569513e-09 time=6.888775534927845
Memory: 14.70 GB 91|300 error=0.030109336599707603 error_LSR=0.001025464152917266 res=0.0006242223316803575 res_LSR=1.7533793084112403e-08 time=6.892578444443643
Memory: 14.70 GB 92|300 error=0.007500694133341312 error_LSR=2.7627862436929718e-05 res=0.0001360325259156525 res_LSR=6.154739384811592e-09 time=6.889482215978205
Memory: 14.70 GB 93|300 error=0.005395304411649704 error_LSR=4.055339377373457e-05 res=0.00014832682791166008 res_LSR=1.4830992434156087e-08 time=6.8900211825966835
Memory: 14.70 GB 94|300 error=0.004507250618189573 error_LSR=4.711271685664542e-05 res=2.5204830308211967e-05 res_LSR=1.3438309132141057e-08 time=6.888274857774377
Memory: 14.70 GB 95|300 error=0.006097345147281885 error_LSR=2.592733653727919e-05 res=0.00011144475138280541 res_LSR=8.743732848870422e-09 time=6.888836594298482
Memory: 14.70 GB 96|300 error=0.019598467275500298 error_LSR=0.0003750532341655344 res=0.000849955016747117 res_LSR=1.2530465554050352e-08 time=6.896118706092238
Memory: 14.70 GB 97|300 error=0.0033886851742863655 error_LSR=3.110519173787907e-05 res=2.3029613657854497e-05 res_LSR=6.89176671286873e-09 time=6.891531839035451
Memory: 14.70 GB 98|300 error=0.005576975643634796 error_LSR=3.0075905669946223e-05 res=6.69324363116175e-05 res_LSR=7.206981678109514e-09 time=6.890058224089444
Memory: 14.70 GB 99|300 error=0.006986276246607304 error_LSR=3.341744377394207e-05 res=7.084990647854283e-05 res_LSR=5.853608708861202e-09 time=6.882699045352638
Memory: 14.70 GB 100|300 error=0.011385580524802208 error_LSR=6.933279655640945e-05 res=3.985759394709021e-05 res_LSR=4.729745484155501e-09 time=6.889491765759885
Memory: 14.70 GB 101|300 error=0.006338144652545452 error_LSR=3.7375935789896175e-05 res=4.177815208095126e-05 res_LSR=5.05128561201218e-09 time=6.891494450159371
Memory: 14.70 GB 102|300 error=0.003661929862573743 error_LSR=3.61019374395255e-05 res=3.364326767041348e-05 res_LSR=6.409814012897641e-09 time=6.88992811460048
Memory: 14.70 GB 103|300 error=0.022117676213383675 error_LSR=0.00043884129263460636 res=0.0004059595812577754 res_LSR=9.049158755658482e-09 time=6.88867611438036
Memory: 14.70 GB 104|300 error=0.005030068103224039 error_LSR=4.6920573367970064e-05 res=2.6853944291360676e-05 res_LSR=8.232760251303262e-09 time=6.887009296566248
Memory: 14.70 GB 105|300 error=0.033731140196323395 error_LSR=0.00029032668680883944 res=4.3755942897405475e-05 res_LSR=3.875040288647824e-09 time=6.887157654389739
Memory: 14.70 GB 106|300 error=0.013152191415429115 error_LSR=0.00016851579130161554 res=0.0006511218380182981 res_LSR=1.1824294432472016e-08 time=6.890275759622455
Memory: 14.70 GB 107|300 error=0.022458918392658234 error_LSR=0.0005410672165453434 res=0.0005093254731036723 res_LSR=9.771508935330075e-09 time=6.898216530680656
Memory: 14.70 GB 108|300 error=0.005714697297662497 error_LSR=2.2173335310071707e-05 res=0.00015637911565136164 res_LSR=3.853255936547839e-09 time=6.890417632646859
Memory: 14.70 GB 109|300 error=0.004499555565416813 error_LSR=4.677642573369667e-05 res=5.735902959713712e-05 res_LSR=1.0449983989246903e-08 time=6.8838198175653815
Memory: 14.70 GB 110|300 error=0.010985290631651878 error_LSR=9.8016309493687e-05 res=0.0005927025340497494 res_LSR=6.097909288627079e-09 time=6.892152878455818
Memory: 14.70 GB 111|300 error=0.005966580472886562 error_LSR=2.62441135419067e-05 res=9.104041964747012e-05 res_LSR=7.452732653234762e-09 time=6.894850505515933
Memory: 14.70 GB 112|300 error=0.010293032974004745 error_LSR=5.221670653554611e-05 res=6.835693056927994e-05 res_LSR=7.258438294854841e-09 time=6.89016673900187
Memory: 14.70 GB 113|300 error=0.015990441665053368 error_LSR=0.00016579614020884037 res=5.7006021961569786e-05 res_LSR=4.931704378208224e-09 time=6.892883175984025
Memory: 14.70 GB 114|300 error=0.008127179928123951 error_LSR=4.147250729147345e-05 res=6.568694516317919e-05 res_LSR=9.102022247020614e-09 time=6.890134209766984
Memory: 14.70 GB 115|300 error=0.016862481832504272 error_LSR=0.00012943739420734346 res=0.0005281064077280462 res_LSR=8.561955588959336e-09 time=6.892572169192135
Memory: 14.70 GB 116|300 error=0.005098047200590372 error_LSR=5.6309323554160073e-05 res=3.099352397839539e-05 res_LSR=7.024683501555273e-09 time=6.892574205994606
Memory: 14.70 GB 117|300 error=0.008402139879763126 error_LSR=5.0233222282258794e-05 res=8.386760600842535e-05 res_LSR=3.81495723900116e-09 time=6.8869995987042785
Memory: 14.70 GB 118|300 error=0.010296521708369255 error_LSR=0.00010914599261013791 res=8.120356505969539e-05 res_LSR=8.700157927421515e-09 time=6.885546887293458
Memory: 14.70 GB 119|300 error=0.01183580607175827 error_LSR=0.00013504127855412662 res=0.000397015392081812 res_LSR=9.226498676184747e-09 time=6.889606020413339
Memory: 14.70 GB 120|300 error=0.0041712503880262375 error_LSR=3.870268483296968e-05 res=2.914838660217356e-05 res_LSR=7.358163411907981e-09 time=6.891700861975551
Memory: 14.70 GB 121|300 error=0.014750991016626358 error_LSR=0.00017338978068437427 res=0.00018890463979914784 res_LSR=1.0170584374691316e-08 time=6.893980759195983
Memory: 14.70 GB 122|300 error=0.004827633500099182 error_LSR=3.540852412697859e-05 res=4.2317005863878876e-05 res_LSR=5.267004610232107e-09 time=6.890830465592444
Memory: 14.70 GB 123|300 error=0.00880968663841486 error_LSR=7.830186950741336e-05 res=5.719128603232093e-05 res_LSR=4.3418890705027025e-09 time=6.891081538982689
Memory: 14.70 GB 124|300 error=0.02534637600183487 error_LSR=0.0006442790618166327 res=0.0005241629551164806 res_LSR=9.681262902461185e-09 time=6.891490137204528
Memory: 14.70 GB 125|300 error=0.006506963167339563 error_LSR=3.772280251723714e-05 res=6.0186863265698776e-05 res_LSR=1.318000020233967e-08 time=6.88963255751878
Memory: 14.70 GB 126|300 error=0.0035978227388113737 error_LSR=3.1501480407314375e-05 res=5.155123653821647e-05 res_LSR=7.275764879466351e-09 time=6.891742370091379
Memory: 14.70 GB 127|300 error=0.0047697084955871105 error_LSR=2.3818269255571067e-05 res=6.628136907238513e-05 res_LSR=7.417920500074615e-09 time=6.888262338005006
Memory: 14.70 GB 128|300 error=0.0027005241718143225 error_LSR=4.1684437746880576e-05 res=1.2946059541718569e-05 res_LSR=1.0736244782094673e-08 time=6.891358635388315
Memory: 14.70 GB 129|300 error=0.006641140207648277 error_LSR=2.53755697485758e-05 res=0.00013514344755094498 res_LSR=4.2327039651013365e-09 time=6.891675600782037
Memory: 14.70 GB 130|300 error=0.008763267658650875 error_LSR=3.1495212169829756e-05 res=9.188436524709687e-05 res_LSR=3.1623486052012595e-09 time=6.891720402054489
Memory: 14.70 GB 131|300 error=0.009403622709214687 error_LSR=4.9132504500448704e-05 res=4.406063453643583e-05 res_LSR=3.932822956187465e-09 time=6.888728383928537
Memory: 14.70 GB 132|300 error=0.007253244053572416 error_LSR=2.5454872229602188e-05 res=9.521275205770507e-05 res_LSR=8.015647701142825e-09 time=6.89647420682013
Memory: 14.70 GB 133|300 error=0.008710979484021664 error_LSR=4.5580956793855876e-05 res=0.0002605336776468903 res_LSR=9.87903980842475e-09 time=6.889080616645515
Memory: 14.70 GB 134|300 error=0.010331551544368267 error_LSR=0.00012580434849951416 res=2.5653705961303785e-05 res_LSR=1.12370086569058e-08 time=6.886219725012779
Memory: 14.70 GB 135|300 error=0.009283456020057201 error_LSR=5.0711641961243004e-05 res=9.801297710509971e-05 res_LSR=1.1013630896172799e-08 time=6.894984229467809
Memory: 14.70 GB 136|300 error=0.004941863007843494 error_LSR=2.435074929962866e-05 res=0.00011423499381635338 res_LSR=1.05432915731285e-08 time=6.891911421902478
Memory: 14.70 GB 137|300 error=0.010295151732861996 error_LSR=6.713483162457123e-05 res=9.251077426597476e-05 res_LSR=9.153555247110035e-09 time=6.89518656488508
Memory: 14.70 GB 138|300 error=0.015241297893226147 error_LSR=0.00018099264707416296 res=0.0004514628672040999 res_LSR=1.287913953262887e-08 time=6.893898411653936
Memory: 14.70 GB 139|300 error=0.0056192330084741116 error_LSR=2.68429266725434e-05 res=8.916114165913314e-05 res_LSR=4.236121231571133e-09 time=6.890945333987474
Memory: 14.70 GB 140|300 error=0.009636313654482365 error_LSR=0.00016518130723852664 res=2.0288916857680306e-05 res_LSR=8.732533807176424e-09 time=6.8902033334597945
Memory: 14.70 GB 141|300 error=0.04146106541156769 error_LSR=0.00198168377391994 res=0.0010588692966848612 res_LSR=1.1881999384399933e-08 time=6.886974947527051
Memory: 14.70 GB 142|300 error=0.004317593295127153 error_LSR=3.546332663972862e-05 res=4.406367952469736e-05 res_LSR=1.1371088071143731e-08 time=6.887165363878012
Memory: 14.70 GB 143|300 error=0.01497666910290718 error_LSR=0.00013583815598394722 res=4.120128505746834e-05 res_LSR=4.950069243392363e-09 time=6.88754762802273
Memory: 14.70 GB 144|300 error=0.0161092858761549 error_LSR=0.00016906381642911583 res=0.00018969574011862278 res_LSR=7.849425998074366e-09 time=6.893256842158735
Memory: 14.70 GB 145|300 error=0.009350672364234924 error_LSR=4.149768574279733e-05 res=0.00011636724229902029 res_LSR=6.6173395651958344e-09 time=6.896471393294632
Memory: 14.70 GB 146|300 error=0.003721343819051981 error_LSR=3.25865185004659e-05 res=3.0113575121504255e-05 res_LSR=5.420223825325365e-09 time=6.88964890409261
Memory: 14.70 GB 147|300 error=0.004231774248182774 error_LSR=3.335139626869932e-05 res=4.992838148609735e-05 res_LSR=5.709940520404189e-09 time=6.890029389411211
Memory: 14.70 GB 148|300 error=0.007465936243534088 error_LSR=3.5937999200541526e-05 res=0.00016405303904321045 res_LSR=1.671183369467144e-08 time=6.8899989845231175
Memory: 14.70 GB 149|300 error=0.0033605052158236504 error_LSR=3.756513251573779e-05 res=1.0347043826186564e-05 res_LSR=5.235795352831474e-09 time=6.887863388285041
Memory: 14.70 GB 150|300 error=0.004055969882756472 error_LSR=2.4625243895570748e-05 res=5.002232865081169e-05 res_LSR=6.9389436418987316e-09 time=6.889759388752282
Memory: 14.70 GB 151|300 error=0.004033009056001902 error_LSR=2.5243894924642518e-05 res=0.00010964080865960568 res_LSR=8.98678997884872e-09 time=6.888895411044359
Memory: 14.70 GB 152|300 error=0.005410929210484028 error_LSR=3.47934037563391e-05 res=6.059185034246184e-05 res_LSR=8.998267908566504e-09 time=6.892734362743795
Memory: 14.70 GB 153|300 error=0.006850126665085554 error_LSR=3.992673009634018e-05 res=0.00011641927994787693 res_LSR=7.308449401222106e-09 time=6.890278526581824
Memory: 14.70 GB 154|300 error=0.03602781519293785 error_LSR=0.0014107554452493787 res=0.0009765513241291046 res_LSR=9.620761076689632e-09 time=6.888848029077053
Memory: 14.70 GB 155|300 error=0.004213110543787479 error_LSR=2.7211210181121714e-05 res=6.889275391586125e-05 res_LSR=1.2486276901313431e-08 time=6.891155949793756
Memory: 14.70 GB 156|300 error=0.005767369642853737 error_LSR=2.134687383659184e-05 res=9.111786494031549e-05 res_LSR=4.262763031448458e-09 time=6.887149229645729
Memory: 14.70 GB 157|300 error=0.004214813467115164 error_LSR=2.1519601432373747e-05 res=5.5453823733842e-05 res_LSR=5.830028904085793e-09 time=6.892660881392658
Memory: 14.70 GB 158|300 error=0.006846313364803791 error_LSR=0.00010248366015730426 res=3.475346602499485e-05 res_LSR=9.796750077839533e-09 time=6.8886878145858645
Memory: 14.70 GB 159|300 error=0.022356024011969566 error_LSR=0.0005808668793179095 res=0.0011603108141571283 res_LSR=5.405322855978056e-09 time=6.892767682671547
Memory: 14.70 GB 160|300 error=0.006322016473859549 error_LSR=4.210796032566577e-05 res=2.683999809960369e-05 res_LSR=6.593405377230965e-09 time=6.898229650221765
Memory: 14.70 GB 161|300 error=0.004965623375028372 error_LSR=2.125400715158321e-05 res=9.36984724830836e-05 res_LSR=7.313513794571236e-09 time=6.88838502112776
Memory: 14.70 GB 162|300 error=0.008700150065124035 error_LSR=4.5211130782263353e-05 res=8.576401160098612e-05 res_LSR=6.657712603441723e-09 time=6.889281876385212
Memory: 14.70 GB 163|300 error=0.004186167847365141 error_LSR=3.906264464603737e-05 res=2.8040274628438056e-05 res_LSR=1.1000433453034475e-08 time=6.896613665856421
Memory: 14.70 GB 164|300 error=0.016893355175852776 error_LSR=0.00013889085676055402 res=3.8905563997104764e-05 res_LSR=5.46496403686092e-09 time=6.885138463228941
Memory: 14.70 GB 165|300 error=0.011519880965352058 error_LSR=8.4260682342574e-05 res=0.00012508215149864554 res_LSR=5.7954046006614135e-09 time=6.890375659801066
Memory: 14.70 GB 166|300 error=0.0043959529139101505 error_LSR=2.2977215849095955e-05 res=3.763969652936794e-05 res_LSR=3.823770189370634e-09 time=6.892051121219993
Memory: 14.70 GB 167|300 error=0.008804879151284695 error_LSR=3.742544140550308e-05 res=8.723644714336842e-05 res_LSR=6.2441252168810024e-09 time=6.889419964514673
Memory: 14.70 GB 168|300 error=0.01669800840318203 error_LSR=0.00029556406661868095 res=0.0003749750612769276 res_LSR=8.227243775138504e-09 time=6.890978513285518
Memory: 14.70 GB 169|300 error=0.009604042395949364 error_LSR=8.637879363959655e-05 res=6.905433838255703e-05 res_LSR=9.996253602650995e-09 time=6.89029252436012
Memory: 14.70 GB 170|300 error=0.014084198512136936 error_LSR=0.00011644996993709356 res=4.2026735172839835e-05 res_LSR=6.3523737381387946e-09 time=6.890760674141347
Memory: 14.70 GB 171|300 error=0.01887403428554535 error_LSR=0.0003565557417459786 res=0.0003148303076159209 res_LSR=1.7093094939468756e-08 time=6.889694076962769
Memory: 14.70 GB 172|300 error=0.006751019507646561 error_LSR=0.00010572848259471357 res=3.603797813411802e-05 res_LSR=6.037437660921796e-09 time=6.891825521364808
Memory: 14.70 GB 173|300 error=0.006642649881541729 error_LSR=8.031282777665183e-05 res=2.764485361694824e-05 res_LSR=8.30180635347233e-09 time=6.886344535276294
Memory: 14.70 GB 174|300 error=0.010447579436004162 error_LSR=5.432223770185374e-05 res=5.554735253099352e-05 res_LSR=4.398963859841842e-09 time=6.890948439016938
Memory: 14.70 GB 175|300 error=0.007165322080254555 error_LSR=4.0961291233543307e-05 res=3.4450593375368044e-05 res_LSR=6.15865447528563e-09 time=6.8940973011776805
Memory: 14.70 GB 176|300 error=0.003570256754755974 error_LSR=4.442069985088892e-05 res=5.1229912060080096e-05 res_LSR=1.310349606598038e-08 time=6.889529257081449
Memory: 14.70 GB 177|300 error=0.01665506511926651 error_LSR=0.0001967075513675809 res=0.00020071546896360815 res_LSR=7.379227007220379e-09 time=6.889719568192959
Memory: 14.70 GB 178|300 error=0.013850491493940353 error_LSR=0.00014193459355738014 res=0.0008643316687084734 res_LSR=9.231483133476104e-09 time=6.890793348662555
Memory: 14.70 GB 179|300 error=0.005718570202589035 error_LSR=5.844054976478219e-05 res=3.812953582382761e-05 res_LSR=1.3811620291903637e-08 time=6.889454326592386
Memory: 14.70 GB 180|300 error=0.004976709373295307 error_LSR=2.4267887056339532e-05 res=6.408364424714819e-05 res_LSR=5.635042654716926e-09 time=6.889838355593383
Memory: 14.70 GB 181|300 error=0.022920699790120125 error_LSR=0.0005207424983382225 res=0.00047295226249843836 res_LSR=8.030783149592935e-09 time=6.89127208199352
Memory: 14.70 GB 182|300 error=0.012839716859161854 error_LSR=7.488187839044258e-05 res=0.0002641878672875464 res_LSR=1.190842624509969e-08 time=6.88884998485446
Memory: 14.70 GB 183|300 error=0.0049894386902451515 error_LSR=4.226222517900169e-05 res=4.611838448909111e-05 res_LSR=8.613588953210183e-09 time=6.890865944325924
Memory: 14.70 GB 184|300 error=0.0036927605979144573 error_LSR=0.0001612589112482965 res=1.981689092644956e-05 res_LSR=1.2881517186258407e-08 time=6.891105583868921
Memory: 14.70 GB 185|300 error=0.006194465793669224 error_LSR=3.0733153835171834e-05 res=0.00011020506644854322 res_LSR=1.1587688142356e-08 time=6.895117711275816
Memory: 14.70 GB 186|300 error=0.00953096803277731 error_LSR=7.052507862681523e-05 res=2.232872611784842e-05 res_LSR=4.440143364092819e-09 time=6.891705741174519
Memory: 14.70 GB 187|300 error=0.006339814979583025 error_LSR=3.031036067113746e-05 res=5.272416092338972e-05 res_LSR=7.18285519951678e-09 time=6.896122079342604
Memory: 14.70 GB 188|300 error=0.006236541550606489 error_LSR=3.782867133850232e-05 res=5.818435238325037e-05 res_LSR=7.487267694727961e-09 time=6.892246573232114
Memory: 14.70 GB 189|300 error=0.013322340324521065 error_LSR=0.00018669704149942845 res=0.00033149405498988926 res_LSR=7.003522650705918e-09 time=6.88810929376632
Memory: 14.70 GB 190|300 error=0.012610085308551788 error_LSR=0.00010731189831858501 res=3.481559542706236e-05 res_LSR=6.500617821814103e-09 time=6.889846919104457
Memory: 14.70 GB 191|300 error=0.0057804761454463005 error_LSR=3.6583227483788505e-05 res=9.530665556667373e-05 res_LSR=4.8158290688604666e-09 time=6.884159575216472
Memory: 14.70 GB 192|300 error=0.0032551472540944815 error_LSR=5.339470590115525e-05 res=2.330092502234038e-05 res_LSR=1.2150709771674428e-08 time=6.891030095517635
Memory: 14.70 GB 193|300 error=0.004360404331237078 error_LSR=3.0047161999391392e-05 res=3.7726538721472025e-05 res_LSR=7.56268025980944e-09 time=6.890558637678623
Memory: 14.70 GB 194|300 error=0.006185073405504227 error_LSR=3.681383896037005e-05 res=3.5108667361782864e-05 res_LSR=7.187762385285623e-09 time=6.8903410183265805
Memory: 14.70 GB 195|300 error=0.033243920654058456 error_LSR=0.0006073273834772408 res=0.0020778554026037455 res_LSR=1.1437692570837044e-08 time=6.885591076686978
Memory: 14.70 GB 196|300 error=0.012817363254725933 error_LSR=0.00011227478535147384 res=0.0002637077705003321 res_LSR=1.6543300063176503e-08 time=6.890268789604306
Memory: 14.70 GB 197|300 error=0.1584274023771286 error_LSR=0.03347685560584068 res=0.08393535017967224 res_LSR=1.8807824631039693e-08 time=6.885847429744899
Memory: 14.70 GB 198|300 error=0.008329915814101696 error_LSR=5.420432353275828e-05 res=0.00013805061462335289 res_LSR=8.029242160034755e-09 time=6.8914586659520864
Memory: 14.70 GB 199|300 error=0.012850668281316757 error_LSR=0.0001680185814620927 res=0.00042284306255169213 res_LSR=8.473723056567906e-09 time=6.892026782035828
Memory: 14.70 GB 200|300 error=0.0063583566807210445 error_LSR=4.0370367059949785e-05 res=9.435457468498498e-05 res_LSR=7.805234680802187e-09 time=6.889304260723293
Memory: 14.70 GB 201|300 error=0.004493659362196922 error_LSR=2.2829397494206205e-05 res=7.607292354805395e-05 res_LSR=9.69860547428425e-09 time=6.889283511787653
Memory: 14.70 GB 202|300 error=0.00510737020522356 error_LSR=5.6474804296158254e-05 res=2.2540205463883467e-05 res_LSR=6.698828602935691e-09 time=6.89094349835068
Memory: 14.70 GB 203|300 error=0.013329844921827316 error_LSR=9.281386155635118e-05 res=4.442859426490031e-05 res_LSR=2.9164926029778826e-09 time=6.885504564270377
Memory: 14.70 GB 204|300 error=0.005302970763295889 error_LSR=3.0028737455722876e-05 res=4.742683449876495e-05 res_LSR=4.658026853121555e-09 time=6.894881120882928
Memory: 14.70 GB 205|300 error=0.006008382420986891 error_LSR=5.7150278735207394e-05 res=3.375169762875885e-05 res_LSR=1.2836914642377906e-08 time=6.891160597093403
Memory: 14.70 GB 206|300 error=0.01939963363111019 error_LSR=0.0002907601883634925 res=0.0008809072896838188 res_LSR=8.285015340447899e-09 time=6.8923273561522365
Memory: 14.70 GB 207|300 error=0.007284504361450672 error_LSR=3.623291922849603e-05 res=5.711082849302329e-05 res_LSR=6.029058141621135e-09 time=6.88522220402956
Memory: 14.70 GB 208|300 error=0.022946810349822044 error_LSR=0.0005415366031229496 res=0.0007040680502541363 res_LSR=8.69895888655492e-09 time=6.8908130852505565
Memory: 14.70 GB 209|300 error=0.01298603042960167 error_LSR=0.00012595894804690033 res=0.0005535625386983156 res_LSR=7.967093651473078e-09 time=6.889755313284695
Memory: 14.70 GB 210|300 error=0.016151348128914833 error_LSR=9.220973151968792e-05 res=0.00018511440430302173 res_LSR=9.267044021044057e-09 time=6.890959859825671
Memory: 14.70 GB 211|300 error=0.006092891562730074 error_LSR=2.599322579044383e-05 res=9.254102769773453e-05 res_LSR=6.047379930151919e-09 time=6.885375969111919
Memory: 14.70 GB 212|300 error=0.08522431552410126 error_LSR=0.008405078202486038 res=0.01091290544718504 res_LSR=2.3404341575883336e-08 time=6.8910560784861445
Memory: 14.70 GB 213|300 error=0.026958167552947998 error_LSR=0.00047949005966074765 res=0.0005884886486455798 res_LSR=5.829486671160566e-09 time=6.895295766182244
Memory: 14.70 GB 214|300 error=0.006282408256083727 error_LSR=3.382722570677288e-05 res=7.822162297088653e-05 res_LSR=1.1404252653335334e-08 time=6.891818608157337
Memory: 14.70 GB 215|300 error=0.012922483496367931 error_LSR=0.00011939875548705459 res=0.00021197779278736562 res_LSR=4.840949419104845e-09 time=6.891560006886721
Memory: 14.70 GB 216|300 error=0.007624504156410694 error_LSR=2.6829191483557224e-05 res=0.0003575311857275665 res_LSR=8.02934430055302e-09 time=6.8918796190992
Memory: 14.70 GB 217|300 error=0.005831519141793251 error_LSR=2.4426119125564583e-05 res=0.0001386793446727097 res_LSR=8.684024166427662e-09 time=6.89049481227994
Memory: 14.70 GB 218|300 error=0.005310204345732927 error_LSR=3.4021159081021324e-05 res=6.481692980742082e-05 res_LSR=9.696309533069325e-09 time=6.89173380471766
Memory: 14.70 GB 219|300 error=0.010687913745641708 error_LSR=4.888073817710392e-05 res=0.0001614835055079311 res_LSR=7.668937485050265e-09 time=6.897275163792074
Memory: 14.70 GB 220|300 error=0.040498536080121994 error_LSR=0.0013591856695711613 res=0.0011608541244640946 res_LSR=1.1134496880060851e-08 time=6.895740069448948
Memory: 14.70 GB 221|300 error=0.02569478191435337 error_LSR=0.00038454763125628233 res=0.000688300235196948 res_LSR=8.074020563242357e-09 time=6.894677327945828
Memory: 14.70 GB 222|300 error=0.02851317636668682 error_LSR=0.0004899681080132723 res=0.0009029799257405102 res_LSR=9.67772173510184e-09 time=6.889984579756856
Memory: 14.70 GB 223|300 error=0.01026078313589096 error_LSR=0.0001055123211699538 res=0.00019060134945902973 res_LSR=1.8750149877178046e-08 time=6.888744262047112
Memory: 14.70 GB 224|300 error=0.006966748274862766 error_LSR=8.476198854623362e-05 res=3.021521115442738e-05 res_LSR=7.712190885911241e-09 time=6.888156364671886
Memory: 14.70 GB 225|300 error=0.020534520968794823 error_LSR=0.0003155503945890814 res=0.0007440709741786122 res_LSR=1.0774121150802785e-08 time=6.886849196627736
Memory: 14.70 GB 226|300 error=0.005884580314159393 error_LSR=3.9252274291357026e-05 res=3.3787553547881544e-05 res_LSR=7.867574147724099e-09 time=6.886576583608985
Memory: 14.70 GB 227|300 error=0.007834495976567268 error_LSR=3.846586332656443e-05 res=0.00019844897906295955 res_LSR=8.213377533650146e-09 time=6.887263274751604
Memory: 14.70 GB 228|300 error=0.005615965463221073 error_LSR=3.858600393868983e-05 res=4.142444231547415e-05 res_LSR=8.568433962352628e-09 time=6.886259699240327
Memory: 14.70 GB 229|300 error=0.015290160663425922 error_LSR=0.00012885792239103466 res=0.0011784847592934966 res_LSR=1.0561520547014425e-08 time=6.888651615940034
Memory: 14.70 GB 230|300 error=0.004454219248145819 error_LSR=3.6760317016160116e-05 res=3.876390474033542e-05 res_LSR=6.0168487969747275e-09 time=6.886214181780815
Memory: 14.70 GB 231|300 error=0.006716925650835037 error_LSR=3.722613473655656e-05 res=7.457885658368468e-05 res_LSR=9.563114744537415e-09 time=6.887024046853185
Memory: 14.70 GB 232|300 error=0.004771518521010876 error_LSR=4.086786793777719e-05 res=4.546298805507831e-05 res_LSR=7.52118634039789e-09 time=6.883580321446061
Memory: 14.70 GB 233|300 error=0.006113813724368811 error_LSR=3.151743294438347e-05 res=8.098574471659958e-05 res_LSR=8.007759788597468e-09 time=6.893971735611558
Memory: 14.70 GB 234|300 error=0.020454388111829758 error_LSR=0.00014356113388203084 res=5.9382360632298514e-05 res_LSR=3.8608058972045e-09 time=6.883896565064788
Memory: 14.70 GB 235|300 error=0.053270742297172546 error_LSR=0.002891436917707324 res=0.00141806376632303 res_LSR=9.184526028604978e-09 time=6.8848667945712805
Memory: 14.70 GB 236|300 error=0.0032627559266984463 error_LSR=3.724946509464644e-05 res=2.627158391987905e-05 res_LSR=7.488981879077983e-09 time=6.883165348321199
Memory: 14.70 GB 237|300 error=0.00819449219852686 error_LSR=3.0561528546968475e-05 res=0.000125852384371683 res_LSR=5.5942783738771595e-09 time=6.882857454009354
Memory: 14.70 GB 238|300 error=0.008816871792078018 error_LSR=4.992879257770255e-05 res=0.00010568658035481349 res_LSR=6.080690173604353e-09 time=6.882645507343113
Memory: 14.70 GB 239|300 error=0.0059516350738704205 error_LSR=7.838985766284168e-05 res=1.9085948224528693e-05 res_LSR=6.360727056176074e-09 time=6.882254954427481
Memory: 14.70 GB 240|300 error=0.017291700467467308 error_LSR=0.00014851945161353797 res=0.00026971890474669635 res_LSR=7.727350315178683e-09 time=6.8831016309559345
Memory: 14.70 GB 241|300 error=0.01052415557205677 error_LSR=7.289905624929816e-05 res=0.00016760714061092585 res_LSR=5.2465001232349096e-09 time=6.883331932127476
Memory: 14.70 GB 242|300 error=0.00677766278386116 error_LSR=3.944039053749293e-05 res=4.292552330298349e-05 res_LSR=7.115722233663746e-09 time=6.8848443776369095
Memory: 14.70 GB 243|300 error=0.008669059723615646 error_LSR=4.531460945145227e-05 res=7.504152745241299e-05 res_LSR=7.946550084625414e-09 time=6.88511154986918
Memory: 14.70 GB 244|300 error=0.00872770044952631 error_LSR=7.420185283990577e-05 res=2.4221068088081665e-05 res_LSR=8.403734597095536e-09 time=6.881556999869645
Memory: 14.70 GB 245|300 error=0.005034877918660641 error_LSR=6.98607400408946e-05 res=2.1947886125417426e-05 res_LSR=1.257413018151965e-08 time=6.8844808507710695
Memory: 14.70 GB 246|300 error=0.03235499933362007 error_LSR=0.00013617335935123265 res=0.0001093740138458088 res_LSR=5.699218430521569e-09 time=6.883628210052848
Memory: 14.70 GB 247|300 error=0.037868473678827286 error_LSR=0.0014929933240637183 res=0.0023061721585690975 res_LSR=2.1732338595370493e-08 time=6.882525498978794
Memory: 14.70 GB 248|300 error=0.009240716695785522 error_LSR=3.9230446418514475e-05 res=0.00010626504081301391 res_LSR=8.607587531628269e-09 time=6.8884346941486
Memory: 14.70 GB 249|300 error=0.007494176737964153 error_LSR=5.163872265256941e-05 res=5.7232547987950966e-05 res_LSR=1.4046045215820868e-08 time=6.8865610202774405
Memory: 14.70 GB 250|300 error=0.006695227697491646 error_LSR=4.476042522583157e-05 res=3.197501428076066e-05 res_LSR=6.333066071562143e-09 time=6.884806363843381
Memory: 14.70 GB 251|300 error=0.00883331149816513 error_LSR=5.752080323873088e-05 res=0.0001555265043862164 res_LSR=6.736742275137431e-09 time=6.885706522502005
Memory: 14.70 GB 252|300 error=0.00781643483787775 error_LSR=0.00010352067329222336 res=4.747284765471704e-05 res_LSR=7.152541225963205e-09 time=6.885276988148689
Memory: 14.70 GB 253|300 error=0.04096008464694023 error_LSR=0.001356368768028915 res=0.0014523137360811234 res_LSR=1.5561827382271076e-08 time=6.883480040356517
Memory: 14.70 GB 254|300 error=0.008681712672114372 error_LSR=4.3234969780314714e-05 res=3.0421604606090114e-05 res_LSR=3.750117105738582e-09 time=6.883506688289344
Memory: 14.70 GB 255|300 error=0.0072493827901780605 error_LSR=5.1281262130942196e-05 res=4.831667320104316e-05 res_LSR=3.270551385270437e-09 time=6.881854637525976
Memory: 14.70 GB 256|300 error=0.0073301284573972225 error_LSR=9.122894698521122e-05 res=1.3016035154578276e-05 res_LSR=6.0427560732989605e-09 time=6.885962816886604
Memory: 14.70 GB 257|300 error=0.007424305193126202 error_LSR=2.2699487089994363e-05 res=3.619847848312929e-05 res_LSR=3.3728959625278776e-09 time=6.889814788475633
Memory: 14.70 GB 258|300 error=0.007429209537804127 error_LSR=5.668089579558e-05 res=9.459472494199872e-05 res_LSR=1.107170977121541e-08 time=6.887567725032568
Memory: 14.70 GB 259|300 error=0.05873720347881317 error_LSR=0.0032916818745434284 res=0.0126432403922081 res_LSR=1.2986938635606293e-08 time=6.8920708848163486
Memory: 14.70 GB 260|300 error=0.01232669036835432 error_LSR=6.61136582493782e-05 res=7.756967534078285e-05 res_LSR=7.207404895126501e-09 time=6.885148283094168
Memory: 14.70 GB 261|300 error=0.008062927052378654 error_LSR=3.114853097940795e-05 res=0.00011106997408205643 res_LSR=8.824637021120907e-09 time=6.887770765461028
Memory: 14.70 GB 262|300 error=0.0049307928420603275 error_LSR=2.0926507204421796e-05 res=0.00018578350136522204 res_LSR=7.900940346416974e-09 time=6.88845591340214
Memory: 14.70 GB 263|300 error=0.009165987372398376 error_LSR=3.691601523314603e-05 res=0.00017540757835377008 res_LSR=2.6800861530063003e-09 time=6.88732267729938
Memory: 14.70 GB 264|300 error=0.01060381717979908 error_LSR=7.437189196934924e-05 res=3.5734592529479414e-05 res_LSR=5.699678951032183e-09 time=6.887289923615754
Memory: 14.70 GB 265|300 error=0.016694996505975723 error_LSR=0.00019128572603221983 res=0.0006020026630721986 res_LSR=8.91075568887345e-09 time=6.890410833992064
Memory: 14.70 GB 266|300 error=0.004627661779522896 error_LSR=3.495408236631192e-05 res=3.9645194192416966e-05 res_LSR=4.6481924975694255e-09 time=6.888412581756711
Memory: 14.70 GB 267|300 error=0.0073105087503790855 error_LSR=3.125660077785142e-05 res=5.1542589062592015e-05 res_LSR=7.793353518081858e-09 time=6.884944813326001
Memory: 14.70 GB 268|300 error=0.015234549529850483 error_LSR=0.00012989419337827712 res=0.0006720559322275221 res_LSR=1.1890497475519624e-08 time=6.894172200933099
Memory: 14.70 GB 269|300 error=0.025323577225208282 error_LSR=0.0006200651987455785 res=0.0017747936071828008 res_LSR=7.684288760856361e-09 time=6.896474624052644
Memory: 14.70 GB 270|300 error=0.014473952353000641 error_LSR=0.00016890844563022256 res=6.021584340487607e-05 res_LSR=8.608874502158415e-09 time=6.891694718040526
Memory: 14.70 GB 271|300 error=0.00454992800951004 error_LSR=4.4186454033479095e-05 res=3.021510383405257e-05 res_LSR=5.051346452233929e-09 time=6.890244004316628
Memory: 14.70 GB 272|300 error=0.004468484781682491 error_LSR=2.498671346984338e-05 res=5.843888720846735e-05 res_LSR=4.17064249802479e-09 time=6.892336273565888
Memory: 14.70 GB 273|300 error=0.039143845438957214 error_LSR=0.0015360661782324314 res=0.00474900845438242 res_LSR=1.7630934934231846e-08 time=6.891844335012138
Memory: 14.70 GB 274|300 error=0.012914802879095078 error_LSR=0.00019850752141792327 res=1.9677956515806727e-05 res_LSR=8.600757439580775e-09 time=6.891476686112583
Memory: 14.70 GB 275|300 error=0.009762447327375412 error_LSR=0.00023450437583960593 res=1.6579511793679558e-05 res_LSR=8.465225853626634e-09 time=6.88655240368098
Memory: 14.70 GB 276|300 error=0.020702306181192398 error_LSR=0.000332081806845963 res=0.0008519685943610966 res_LSR=5.894823296159757e-09 time=6.892142151482403
Memory: 14.70 GB 277|300 error=0.009429707191884518 error_LSR=3.6926150642102584e-05 res=0.00017424159159418195 res_LSR=4.530604336139277e-09 time=6.890985297039151
Memory: 14.70 GB 278|300 error=0.016718069091439247 error_LSR=0.00017543465946801007 res=0.00025133861345238984 res_LSR=8.745442592328345e-09 time=6.891292992979288
Memory: 14.70 GB 279|300 error=0.009395992383360863 error_LSR=7.12473047315143e-05 res=1.7341459169983864e-05 res_LSR=9.013251478506845e-09 time=6.893240122124553
Memory: 14.70 GB 280|300 error=0.008164933882653713 error_LSR=2.7431073249317706e-05 res=7.866204396123067e-05 res_LSR=5.857654805652146e-09 time=6.896645142696798
Memory: 14.70 GB 281|300 error=0.02861490100622177 error_LSR=0.0009178619366139174 res=0.0008406334673054516 res_LSR=1.709876507050012e-08 time=6.893397372215986
Memory: 14.70 GB 282|300 error=0.09077832102775574 error_LSR=0.010281266644597054 res=0.01918664574623108 res_LSR=1.0732911448485538e-08 time=6.897200345993042
Memory: 14.70 GB 283|300 error=0.006155618000775576 error_LSR=2.8931814085808583e-05 res=8.194377733161673e-05 res_LSR=8.706950715975381e-09 time=6.889871730469167
Memory: 14.70 GB 284|300 error=0.006233764812350273 error_LSR=8.516469097230583e-05 res=2.0917017536703497e-05 res_LSR=7.40063965665172e-09 time=6.891499701887369
Memory: 14.70 GB 285|300 error=0.010050974786281586 error_LSR=5.402830720413476e-05 res=9.363549906993285e-05 res_LSR=1.0309145537235054e-08 time=6.8899206491187215
Memory: 14.70 GB 286|300 error=0.011113055981695652 error_LSR=6.437125557567924e-05 res=8.087446622084826e-05 res_LSR=6.0658935652213586e-09 time=6.891215887852013
Memory: 14.70 GB 287|300 error=0.009328160434961319 error_LSR=0.00010366555216023698 res=1.822387639549561e-05 res_LSR=6.136605001927364e-09 time=6.890134473331273
Memory: 14.70 GB 288|300 error=0.0051842727698385715 error_LSR=3.276371717220172e-05 res=3.79503944714088e-05 res_LSR=3.3963156731431354e-09 time=6.891005158424377
Memory: 14.70 GB 289|300 error=0.005973185878247023 error_LSR=6.016409315634519e-05 res=6.651405419688672e-05 res_LSR=1.1850676884250788e-08 time=6.890488009899855
Memory: 14.70 GB 290|300 error=0.012103110551834106 error_LSR=5.812290692119859e-05 res=0.0002233921259175986 res_LSR=8.4613018813684e-09 time=6.8960165763273835
Memory: 14.70 GB 291|300 error=0.007891231216490269 error_LSR=0.00011079338582931086 res=4.4113763578934595e-05 res_LSR=8.355449665486958e-09 time=6.885525670833886
Memory: 14.70 GB 292|300 error=0.006571680773049593 error_LSR=3.355084118084051e-05 res=6.499166192952543e-05 res_LSR=5.971409589022869e-09 time=6.895539864897728
Memory: 14.70 GB 293|300 error=0.019968071952462196 error_LSR=0.0004261370631866157 res=0.0006561550544574857 res_LSR=6.524757623083133e-09 time=6.896630693227053
Memory: 14.70 GB 294|300 error=0.01604965329170227 error_LSR=0.00022557326883543283 res=0.0005180494626984 res_LSR=9.474149464949733e-09 time=6.891009381972253
Memory: 14.70 GB 295|300 error=0.007674454711377621 error_LSR=3.746129368664697e-05 res=0.0001990152959479019 res_LSR=1.1057208482156966e-08 time=6.894940812140703
Memory: 14.70 GB 296|300 error=0.010279571637511253 error_LSR=5.190565934753977e-05 res=0.0005921017145738006 res_LSR=5.392622792754764e-09 time=6.890483411960304
Memory: 14.70 GB 297|300 error=0.00793286133557558 error_LSR=0.0001363197952741757 res=1.3603993465949316e-05 res_LSR=7.0166654708714304e-09 time=6.886737705208361
Memory: 14.70 GB 298|300 error=0.040425240993499756 error_LSR=0.0012034454848617315 res=0.0014656833373010159 res_LSR=1.3051955072285182e-08 time=6.8914439380168915
Memory: 14.70 GB 299|300 error=0.004524977877736092 error_LSR=5.527613757294603e-05 res=5.5357209930662066e-05 res_LSR=1.1732192106705952e-08 time=6.89038032758981
{'error': 0.012458642154621582, 'error_LSR': 0.00039635095267537203, 'res': 0.0006698017962692877, 'res_LSR': 8.540479193482516e-09, 'res_nonlinear_LSR': 0.0002598439011408097, 'time': 6.8899534042490025}
{'error': 0.01463063239270385, 'error_LSR': 0.0021927643494321627, 'res': 0.005048742204337485, 'res_LSR': 3.600536677697185e-09, 'res_nonlinear_LSR': 0.003950558183324146, 'time': 0.013373464588856796}
