/home/bingxing2/ailab/scxlab0095/.local/lib/python3.9/site-packages/torch/functional.py:504: UserWarning: torch.meshgrid: in an upcoming release, it will be required to pass the indexing argument. (Triggered internally at /home/bingxing2/home/scx6002/pengyq/pytorch-v2.0.0/aten/src/ATen/native/TensorShape.cpp:3483.)
  return _VF.meshgrid(tensors, **kwargs)  # type: ignore[attr-defined]
Memory: 14.70 GB 0|300 error=0.015926362946629524 error_LSR=0.00011984082811977714 res=2.685889194253832e-05 res_LSR=3.7876324299190856e-09 time=7.219884437508881
Memory: 14.70 GB 1|300 error=0.009192888624966145 error_LSR=9.323067934019491e-05 res=5.607545608654618e-05 res_LSR=1.593649123776686e-08 time=6.89305317774415
Memory: 14.70 GB 2|300 error=0.04196081683039665 error_LSR=0.001799136633053422 res=0.0006867488264106214 res_LSR=1.4517318902562693e-08 time=6.896070937626064
Memory: 14.70 GB 3|300 error=0.007173696532845497 error_LSR=3.414038656046614e-05 res=5.3536597988568246e-05 res_LSR=6.092004678492913e-09 time=6.893834606744349
Memory: 14.70 GB 4|300 error=0.005301687400788069 error_LSR=3.7843474274268374e-05 res=0.00012183940270915627 res_LSR=1.1403669120113591e-08 time=6.8948270892724395
Memory: 14.70 GB 5|300 error=0.005985872820019722 error_LSR=3.170999843860045e-05 res=8.317254105350003e-05 res_LSR=7.590823081216058e-09 time=6.893100658431649
Memory: 14.70 GB 6|300 error=0.005064868368208408 error_LSR=3.337163070682436e-05 res=0.0001222819264512509 res_LSR=1.0017412677143511e-08 time=6.899240002967417
Memory: 14.70 GB 7|300 error=0.010068629868328571 error_LSR=7.72510829847306e-05 res=0.00019357823475729674 res_LSR=7.146113922829045e-09 time=6.89481442887336
Memory: 14.70 GB 8|300 error=0.09038925915956497 error_LSR=0.01138085126876831 res=0.0030717626214027405 res_LSR=1.64070623753787e-08 time=6.895286890678108
Memory: 14.70 GB 9|300 error=0.039199113845825195 error_LSR=0.0018090492812916636 res=0.0007025631493888795 res_LSR=7.745447838658492e-09 time=6.89507304597646
Memory: 14.70 GB 10|300 error=0.003652102779597044 error_LSR=3.546810694388114e-05 res=1.7988828403758816e-05 res_LSR=5.022823046374469e-09 time=6.893780086189508
Memory: 14.70 GB 11|300 error=0.010416395962238312 error_LSR=8.328574040206149e-05 res=0.0002682829217519611 res_LSR=6.667427943085613e-09 time=6.899122060276568
Memory: 14.70 GB 12|300 error=0.007069590501487255 error_LSR=5.8029374486068264e-05 res=4.3721094698412344e-05 res_LSR=6.1680593965718344e-09 time=6.89166768733412
Memory: 14.70 GB 13|300 error=0.004368617665022612 error_LSR=5.306037201080471e-05 res=3.069306330871768e-05 res_LSR=7.247519029363048e-09 time=6.891044300049543
Memory: 14.70 GB 14|300 error=0.005843541119247675 error_LSR=4.5339758798945695e-05 res=2.855522689060308e-05 res_LSR=6.1398743866902805e-09 time=6.891115150414407
Memory: 14.70 GB 15|300 error=0.003789055161178112 error_LSR=2.8324733648332767e-05 res=6.15239841863513e-05 res_LSR=5.651014323149184e-09 time=6.888434485532343
Memory: 14.70 GB 16|300 error=0.007399294525384903 error_LSR=4.899525083601475e-05 res=0.00011456472566351295 res_LSR=1.6535837588094182e-08 time=6.8946224162355065
Memory: 14.70 GB 17|300 error=0.007019414100795984 error_LSR=3.7148423871258274e-05 res=0.00010620333341648802 res_LSR=8.87163054130724e-09 time=6.889432982541621
Memory: 14.70 GB 18|300 error=0.009173883125185966 error_LSR=7.823921623639762e-05 res=2.0545816369121894e-05 res_LSR=7.038723381924683e-09 time=6.894036930054426
Memory: 14.70 GB 19|300 error=0.008070394396781921 error_LSR=5.0543218094389886e-05 res=0.00012381127453409135 res_LSR=5.612470932447877e-09 time=6.900560051202774
Memory: 14.70 GB 20|300 error=0.020586559548974037 error_LSR=0.00039957292028702796 res=0.0016106055118143559 res_LSR=1.529386040033387e-08 time=6.892872673459351
Memory: 14.70 GB 21|300 error=0.009029640816152096 error_LSR=7.142861431930214e-05 res=0.00032026105327531695 res_LSR=6.069481806036947e-09 time=6.892734248191118
Memory: 14.70 GB 22|300 error=0.013549130409955978 error_LSR=0.00016525255341548473 res=0.00028286094311624765 res_LSR=1.1290658186169367e-08 time=6.892834758386016
Memory: 14.70 GB 23|300 error=0.006571148056536913 error_LSR=3.6721503420267254e-05 res=0.00013985387340653688 res_LSR=3.49355411266572e-09 time=6.895466031506658
Memory: 14.70 GB 24|300 error=0.007246487308293581 error_LSR=4.4209831685293466e-05 res=4.421020275913179e-05 res_LSR=7.405120516779107e-09 time=6.896661266684532
Memory: 14.70 GB 25|300 error=0.007240556180477142 error_LSR=3.506034772726707e-05 res=0.00021523344912566245 res_LSR=1.0059249433425066e-08 time=6.89326836168766
Memory: 14.70 GB 26|300 error=0.005718462634831667 error_LSR=7.88031829870306e-05 res=3.229405410820618e-05 res_LSR=7.898339760004092e-09 time=6.889154753647745
Memory: 14.70 GB 27|300 error=0.008227691054344177 error_LSR=5.79627048864495e-05 res=7.885132799856365e-05 res_LSR=8.746146029636748e-09 time=6.896211892366409
Memory: 14.70 GB 28|300 error=0.012198573909699917 error_LSR=4.679342600866221e-05 res=0.00012915494153276086 res_LSR=5.195682550862557e-09 time=6.892680203542113
Memory: 14.70 GB 29|300 error=0.021576255559921265 error_LSR=0.00034630027948878706 res=0.0002941273560281843 res_LSR=6.663670948370282e-09 time=6.899298059754074
Memory: 14.70 GB 30|300 error=0.00328046060167253 error_LSR=6.307847070274875e-05 res=2.934515941888094e-05 res_LSR=1.0743741896135361e-08 time=6.894688593223691
Memory: 14.70 GB 31|300 error=0.009858095087110996 error_LSR=9.672881424194202e-05 res=2.7214833608013578e-05 res_LSR=9.066376094324369e-09 time=6.894339816644788
Memory: 14.70 GB 32|300 error=0.006563223898410797 error_LSR=4.4909287680638954e-05 res=5.500889164977707e-05 res_LSR=7.873058649465747e-09 time=6.893086561001837
Memory: 14.70 GB 33|300 error=0.009291060268878937 error_LSR=7.955996989039704e-05 res=2.2228814486879855e-05 res_LSR=5.3915107933733e-09 time=6.8941823383793235
Memory: 14.70 GB 34|300 error=0.016066500917077065 error_LSR=0.0001632340281503275 res=0.0003727372386492789 res_LSR=1.3879093430091416e-08 time=6.9008328737691045
Memory: 14.70 GB 35|300 error=0.0036502385046333075 error_LSR=0.00010771338565973565 res=2.0252924514352344e-05 res_LSR=8.683635144279833e-09 time=6.89450528845191
Memory: 14.70 GB 36|300 error=0.008343196474015713 error_LSR=3.2628267945256084e-05 res=4.5523403969127685e-05 res_LSR=3.985880958623511e-09 time=6.895315295085311
Memory: 14.70 GB 37|300 error=0.006505495868623257 error_LSR=6.629085692111403e-05 res=3.236904740333557e-05 res_LSR=5.973660677227599e-09 time=6.892968616448343
Memory: 14.70 GB 38|300 error=0.014553644694387913 error_LSR=0.00016892212443053722 res=0.00020151436910964549 res_LSR=1.0111883774754915e-08 time=6.895637369714677
Memory: 14.70 GB 39|300 error=0.005969397258013487 error_LSR=3.103440394625068e-05 res=7.755263504805043e-05 res_LSR=6.2914078391429484e-09 time=6.8877929132431746
Memory: 14.70 GB 40|300 error=0.008307141251862049 error_LSR=3.9409664168488234e-05 res=0.00013500452041625977 res_LSR=8.51046610961248e-09 time=6.895084509626031
Memory: 14.70 GB 41|300 error=0.02834160439670086 error_LSR=0.0006864821189083159 res=0.0002603429602459073 res_LSR=1.405667227061258e-08 time=6.897978323511779
Memory: 14.70 GB 42|300 error=0.013745834119617939 error_LSR=0.00012693721510004252 res=0.0001390495744999498 res_LSR=7.252810796387621e-09 time=6.894924771972001
Memory: 14.70 GB 43|300 error=0.013574294745922089 error_LSR=0.00015923733008094132 res=0.0002652072289492935 res_LSR=6.49200826430274e-09 time=6.89556903205812
Memory: 14.70 GB 44|300 error=0.00853972602635622 error_LSR=4.8509493353776634e-05 res=0.0002797957567963749 res_LSR=1.2785058345343714e-08 time=6.893659613095224
Memory: 14.70 GB 45|300 error=0.004585524555295706 error_LSR=8.497602539137006e-05 res=3.7453894037753344e-05 res_LSR=1.3351576733100501e-08 time=6.896004100330174
Memory: 14.70 GB 46|300 error=0.005610235501080751 error_LSR=4.741750308312476e-05 res=4.621215703082271e-05 res_LSR=8.91614693188103e-09 time=6.896475081332028
Memory: 14.70 GB 47|300 error=0.0032469145953655243 error_LSR=3.12250413116999e-05 res=5.008688822272234e-05 res_LSR=8.398324702341142e-09 time=6.895711911842227
Memory: 14.70 GB 48|300 error=0.01348596066236496 error_LSR=0.0001301789452554658 res=1.8839864424080588e-05 res_LSR=5.977350170383033e-09 time=6.896346035413444
Memory: 14.70 GB 49|300 error=0.010325962677598 error_LSR=5.755210077040829e-05 res=7.446326344506815e-05 res_LSR=9.549114388107682e-09 time=6.892848966643214
Memory: 14.70 GB 50|300 error=0.004127673804759979 error_LSR=2.582257366157137e-05 res=5.6459481129422784e-05 res_LSR=8.53401260769715e-09 time=6.895099005661905
Memory: 14.70 GB 51|300 error=0.005843823775649071 error_LSR=5.3574902267428115e-05 res=4.4381169573171064e-05 res_LSR=5.444666495435513e-09 time=6.8911546850577
Memory: 14.70 GB 52|300 error=0.004721483681350946 error_LSR=3.2598232792224735e-05 res=2.873276207537856e-05 res_LSR=5.087756882460326e-09 time=6.8936478914693
Memory: 14.70 GB 53|300 error=0.0036674465518444777 error_LSR=4.7579647798556834e-05 res=2.538743501645513e-05 res_LSR=7.975367921631005e-09 time=6.892899559810758
Memory: 14.70 GB 54|300 error=0.022423356771469116 error_LSR=0.0005211239331401885 res=0.0019678520038723946 res_LSR=1.0587623222590992e-08 time=6.895170086994767
Memory: 14.70 GB 55|300 error=0.029221180826425552 error_LSR=0.00014845901750959456 res=6.118568853707984e-05 res_LSR=5.48116352305783e-09 time=6.895531234331429
Memory: 14.70 GB 56|300 error=0.005037549417465925 error_LSR=3.6788900615647435e-05 res=1.8524133338360116e-05 res_LSR=5.361512123158718e-09 time=6.895797515287995
Memory: 14.70 GB 57|300 error=0.005603724624961615 error_LSR=5.0234182708663866e-05 res=0.00011332984286127612 res_LSR=1.227522083979693e-08 time=6.892261323519051
Memory: 14.70 GB 58|300 error=0.01268763281404972 error_LSR=0.00014913863560650498 res=0.0005190122174099088 res_LSR=7.230908316557816e-09 time=6.90241826698184
Memory: 14.70 GB 59|300 error=0.005588297266513109 error_LSR=6.160153861856088e-05 res=4.294626342016272e-05 res_LSR=6.0502407528417734e-09 time=6.893712500110269
Memory: 14.70 GB 60|300 error=0.008371613919734955 error_LSR=3.9992559322854504e-05 res=0.00021716664195992053 res_LSR=8.665583806077848e-09 time=6.896133276633918
Memory: 14.70 GB 61|300 error=0.01053696684539318 error_LSR=5.2253963076509535e-05 res=0.00012182822683826089 res_LSR=8.085342173558274e-09 time=6.895796791650355
Memory: 14.70 GB 62|300 error=0.01572413183748722 error_LSR=0.00020554348884616047 res=0.00043023598846048117 res_LSR=1.405735527981733e-08 time=6.8936840714886785
Memory: 14.70 GB 63|300 error=0.003346731886267662 error_LSR=5.102249633637257e-05 res=3.9952756196726114e-05 res_LSR=7.588011996517707e-09 time=6.895084749907255
Memory: 14.70 GB 64|300 error=0.007876332849264145 error_LSR=2.9723702027695253e-05 res=0.000100276134617161 res_LSR=6.771328830978973e-09 time=6.897459590807557
Memory: 14.70 GB 65|300 error=0.004105095751583576 error_LSR=2.9824481316609308e-05 res=6.627051334362477e-05 res_LSR=5.281878934226825e-09 time=6.901800379157066
Memory: 14.70 GB 66|300 error=0.00586739182472229 error_LSR=3.749156530830078e-05 res=4.7435994929401204e-05 res_LSR=1.0178106357727756e-08 time=6.895632001571357
Memory: 14.70 GB 67|300 error=0.004705853760242462 error_LSR=4.938860365655273e-05 res=2.9208409614511766e-05 res_LSR=6.312827149912437e-09 time=6.892737189307809
Memory: 14.70 GB 68|300 error=0.0034372813533991575 error_LSR=2.0029321603942662e-05 res=7.779831503285095e-05 res_LSR=7.129930867932899e-09 time=6.894691992551088
Memory: 14.70 GB 69|300 error=0.008027255535125732 error_LSR=5.034904461354017e-05 res=9.886514453683048e-05 res_LSR=1.4842791884461803e-08 time=6.8963688230142
Memory: 14.70 GB 70|300 error=0.012599742971360683 error_LSR=0.0001508809218648821 res=0.0004431839333847165 res_LSR=1.4432752770687785e-08 time=6.894846378825605
Memory: 14.70 GB 71|300 error=0.007783179171383381 error_LSR=0.00016706131282262504 res=1.6346264601452276e-05 res_LSR=5.245784695517841e-09 time=6.894499001093209
Memory: 14.70 GB 72|300 error=0.01803397759795189 error_LSR=0.0004070295544806868 res=0.0015701286029070616 res_LSR=1.5869659364398103e-08 time=6.898578396067023
Memory: 14.70 GB 73|300 error=0.006155588664114475 error_LSR=3.0070377761148848e-05 res=4.9018959543900564e-05 res_LSR=7.407715330032261e-09 time=6.898409990593791
Memory: 14.70 GB 74|300 error=0.00463403994217515 error_LSR=4.1330509702675045e-05 res=2.848991789505817e-05 res_LSR=7.239505883660513e-09 time=6.896701824851334
Memory: 14.70 GB 75|300 error=0.010615870356559753 error_LSR=6.171679706312716e-05 res=0.00010205195576418191 res_LSR=1.7624513404257414e-08 time=6.893846752122045
Memory: 14.70 GB 76|300 error=0.012052175588905811 error_LSR=5.660780152538791e-05 res=0.00011619662109296769 res_LSR=4.0415830682150045e-09 time=6.893679156899452
Memory: 14.70 GB 77|300 error=0.03546454757452011 error_LSR=0.0010473198490217328 res=0.0005519729456864297 res_LSR=6.691911469403067e-09 time=6.896289838477969
Memory: 14.70 GB 78|300 error=0.004772867076098919 error_LSR=4.189623723505065e-05 res=3.9017129893181846e-05 res_LSR=7.917111410904454e-09 time=6.892016166821122
Memory: 14.70 GB 79|300 error=0.005156067665666342 error_LSR=2.042012602032628e-05 res=4.872070348937996e-05 res_LSR=3.8909266919517904e-09 time=6.887659537605941
Memory: 14.70 GB 80|300 error=0.0049131098203361034 error_LSR=6.137703894637525e-05 res=1.6327385310432874e-05 res_LSR=6.153344500603453e-09 time=6.895074878819287
Memory: 14.70 GB 81|300 error=0.053764354437589645 error_LSR=0.003370355349034071 res=0.0009534196578897536 res_LSR=1.3392130959744009e-08 time=6.893708175979555
Memory: 14.70 GB 82|300 error=0.005433611571788788 error_LSR=3.5540590033633634e-05 res=0.00012609726400114596 res_LSR=7.86378073769356e-09 time=6.892458059825003
Memory: 14.70 GB 83|300 error=0.00486312760040164 error_LSR=4.347346111899242e-05 res=6.733487680321559e-05 res_LSR=1.1957970613707403e-08 time=6.892639034427702
Memory: 14.70 GB 84|300 error=0.016581354662775993 error_LSR=0.0005442183464765549 res=0.0022420603781938553 res_LSR=2.7905173283215845e-08 time=6.898044761270285
Memory: 14.70 GB 85|300 error=0.0066947415471076965 error_LSR=7.570131856482476e-05 res=2.764961936918553e-05 res_LSR=3.698444439592663e-09 time=6.888622316531837
Memory: 14.70 GB 86|300 error=0.012304442934691906 error_LSR=0.0001925265387399122 res=2.066453089355491e-05 res_LSR=8.30044211141967e-09 time=6.890241717919707
Memory: 14.70 GB 87|300 error=0.006794299464672804 error_LSR=3.8261074223555624e-05 res=6.774800567654893e-05 res_LSR=8.37732994085627e-09 time=6.888801982626319
Memory: 14.70 GB 88|300 error=0.009040731005370617 error_LSR=4.857403473579325e-05 res=6.835326348664239e-05 res_LSR=5.915726575267399e-09 time=6.888668302446604
Memory: 14.70 GB 89|300 error=0.00867285206913948 error_LSR=5.940007031313144e-05 res=0.0001262093719560653 res_LSR=1.0906769709606579e-08 time=6.888605639338493
Memory: 14.70 GB 90|300 error=0.01384925376623869 error_LSR=0.00014133713557384908 res=2.502512688806746e-05 res_LSR=6.574115474222708e-09 time=6.888548578135669
Memory: 14.70 GB 91|300 error=0.030109336599707603 error_LSR=0.0010237512178719044 res=0.0006135383155196905 res_LSR=1.78429040431638e-08 time=6.885542460717261
Memory: 14.70 GB 92|300 error=0.007500694133341312 error_LSR=3.332120104460046e-05 res=0.00013859148020856082 res_LSR=6.7597647479544776e-09 time=6.885844765231013
Memory: 14.70 GB 93|300 error=0.005395304411649704 error_LSR=3.5380235203774646e-05 res=0.00014783073856960982 res_LSR=1.499418544881337e-08 time=6.888270038180053
Memory: 14.70 GB 94|300 error=0.004507250618189573 error_LSR=6.563450006069615e-05 res=2.486895209585782e-05 res_LSR=1.3423357536623826e-08 time=6.8861099518835545
Memory: 14.70 GB 95|300 error=0.006097345147281885 error_LSR=4.1896542825270444e-05 res=0.00010800675227073953 res_LSR=8.093066661274406e-09 time=6.886756852269173
Memory: 14.70 GB 96|300 error=0.019598467275500298 error_LSR=0.0003640181093942374 res=0.0008176176343113184 res_LSR=9.878035278632069e-09 time=6.885523546487093
Memory: 14.70 GB 97|300 error=0.0033886851742863655 error_LSR=2.5897110390360467e-05 res=2.3475340640288778e-05 res_LSR=6.367649518779217e-09 time=6.886891431175172
Memory: 14.70 GB 98|300 error=0.005576975643634796 error_LSR=4.165531572652981e-05 res=6.717751239193603e-05 res_LSR=6.810931374445772e-09 time=6.887555938214064
Memory: 14.70 GB 99|300 error=0.006986276246607304 error_LSR=4.271011130185798e-05 res=7.143904076656327e-05 res_LSR=6.3710690056950625e-09 time=6.882658553309739
Memory: 14.70 GB 100|300 error=0.011385580524802208 error_LSR=7.655595254618675e-05 res=4.0896822611102834e-05 res_LSR=5.84002135539663e-09 time=6.886875190772116
Memory: 14.70 GB 101|300 error=0.006338144652545452 error_LSR=3.402337461011484e-05 res=4.225970042170957e-05 res_LSR=4.432097799877965e-09 time=6.886082057841122
Memory: 14.70 GB 102|300 error=0.003661929862573743 error_LSR=3.89314882340841e-05 res=3.472544631222263e-05 res_LSR=6.8208114711865164e-09 time=6.8870598543435335
Memory: 14.70 GB 103|300 error=0.022117676213383675 error_LSR=0.00044127972796559334 res=0.0004091581504326314 res_LSR=9.755720675741486e-09 time=6.886489951983094
Memory: 14.70 GB 104|300 error=0.005030068103224039 error_LSR=3.9485832530772313e-05 res=2.7411437258706428e-05 res_LSR=7.3072947692764956e-09 time=6.886059946380556
Memory: 14.70 GB 105|300 error=0.033731140196323395 error_LSR=0.0002339481725357473 res=4.408253516885452e-05 res_LSR=3.3086460238251902e-09 time=6.888107376173139
Memory: 14.70 GB 106|300 error=0.013152191415429115 error_LSR=0.00017007606220431626 res=0.0006183570367284119 res_LSR=1.1127410104450064e-08 time=6.886522914282978
Memory: 14.70 GB 107|300 error=0.022458918392658234 error_LSR=0.0005402558017522097 res=0.0005261291516944766 res_LSR=1.1258045162776398e-08 time=6.892633056268096
Memory: 14.70 GB 108|300 error=0.005714697297662497 error_LSR=2.1567189833149314e-05 res=0.00015229028940666467 res_LSR=3.9691809838870995e-09 time=6.890442091040313
Memory: 14.70 GB 109|300 error=0.004499555565416813 error_LSR=4.229832120472565e-05 res=5.7425000704824924e-05 res_LSR=1.0979168685310015e-08 time=6.889615745283663
Memory: 14.70 GB 110|300 error=0.010985290631651878 error_LSR=9.048409992828965e-05 res=0.0006008315831422806 res_LSR=6.285471698674883e-09 time=6.889148401096463
Memory: 14.70 GB 111|300 error=0.005966580472886562 error_LSR=2.778829548333306e-05 res=9.24846826819703e-05 res_LSR=8.40659541978539e-09 time=6.8981855576857924
Memory: 14.70 GB 112|300 error=0.010293032974004745 error_LSR=8.988076297100633e-05 res=6.825088348705322e-05 res_LSR=8.127465811469392e-09 time=6.889704587869346
Memory: 14.70 GB 113|300 error=0.015990441665053368 error_LSR=0.00013327226042747498 res=5.728788164560683e-05 res_LSR=5.128399926945804e-09 time=6.8902572663500905
Memory: 14.70 GB 114|300 error=0.008127179928123951 error_LSR=3.3551517844898626e-05 res=6.613559526158497e-05 res_LSR=8.19683965147533e-09 time=6.887811416760087
Memory: 14.70 GB 115|300 error=0.016862481832504272 error_LSR=0.00012898966087959707 res=0.000523657537996769 res_LSR=8.628195047322151e-09 time=6.89120021276176
Memory: 14.70 GB 116|300 error=0.005098047200590372 error_LSR=3.408354314160533e-05 res=3.0168352168402635e-05 res_LSR=6.700414445504066e-09 time=6.889648272655904
Memory: 14.70 GB 117|300 error=0.008402139879763126 error_LSR=3.2220534194493666e-05 res=8.763025107327849e-05 res_LSR=4.122562735631163e-09 time=6.887429847382009
Memory: 14.70 GB 118|300 error=0.010296521708369255 error_LSR=6.713363836752251e-05 res=8.151186193572357e-05 res_LSR=7.105646737670668e-09 time=6.898113077506423
Memory: 14.70 GB 119|300 error=0.01183580607175827 error_LSR=0.00013939087511971593 res=0.0003923483891412616 res_LSR=9.23445497846842e-09 time=6.893871751613915
Memory: 14.70 GB 120|300 error=0.0041712503880262375 error_LSR=2.79492924164515e-05 res=2.9418595659080893e-05 res_LSR=8.644180482519914e-09 time=6.894276449456811
Memory: 14.70 GB 121|300 error=0.014750991016626358 error_LSR=0.00016596475325059146 res=0.00018480209109839052 res_LSR=1.0278838225019626e-08 time=6.891574738547206
Memory: 14.70 GB 122|300 error=0.004827633500099182 error_LSR=5.262029662844725e-05 res=4.252043072483502e-05 res_LSR=4.8024357823805985e-09 time=6.8949834471568465
Memory: 14.70 GB 123|300 error=0.00880968663841486 error_LSR=6.591443525394425e-05 res=5.7257067965110764e-05 res_LSR=4.0039616067133466e-09 time=6.888763228431344
Memory: 14.70 GB 124|300 error=0.02534637600183487 error_LSR=0.0006440590950660408 res=0.0005414976039901376 res_LSR=7.400546397917651e-09 time=6.892564861103892
Memory: 14.70 GB 125|300 error=0.006506963167339563 error_LSR=3.287658546469174e-05 res=5.9237103414488956e-05 res_LSR=1.0604485289888999e-08 time=6.892400962300599
Memory: 14.70 GB 126|300 error=0.0035978227388113737 error_LSR=2.7466860046843067e-05 res=5.17128428327851e-05 res_LSR=7.04113212179891e-09 time=6.896684809587896
Memory: 14.70 GB 127|300 error=0.0047697084955871105 error_LSR=2.5076295059989206e-05 res=6.546824442921206e-05 res_LSR=7.158931225603737e-09 time=6.89884087536484
Memory: 14.70 GB 128|300 error=0.0027005241718143225 error_LSR=4.279777567717247e-05 res=1.3008077985432465e-05 res_LSR=9.989243210384302e-09 time=6.895344735123217
Memory: 14.70 GB 129|300 error=0.006641140207648277 error_LSR=2.925344779214356e-05 res=0.00014172843657433987 res_LSR=4.213983828549317e-09 time=6.896226120181382
Memory: 14.70 GB 130|300 error=0.008763267658650875 error_LSR=3.4427826903993264e-05 res=9.205917740473524e-05 res_LSR=3.179588148327639e-09 time=6.894711383618414
Memory: 14.70 GB 131|300 error=0.009403622709214687 error_LSR=6.63165919831954e-05 res=4.3095878936583176e-05 res_LSR=3.6841605322024407e-09 time=6.897629326209426
Memory: 14.70 GB 132|300 error=0.007253244053572416 error_LSR=4.1628300095908344e-05 res=0.00010158314398722723 res_LSR=7.47515738197535e-09 time=6.8979489002376795
Memory: 14.70 GB 133|300 error=0.008710979484021664 error_LSR=3.9652637497056276e-05 res=0.00026450050063431263 res_LSR=9.583977167437752e-09 time=6.893947985954583
Memory: 14.70 GB 134|300 error=0.010331551544368267 error_LSR=0.00010478562762727961 res=2.5307421310571954e-05 res_LSR=1.0655613280619036e-08 time=6.889853741042316
Memory: 14.70 GB 135|300 error=0.009283456020057201 error_LSR=4.138750227866694e-05 res=9.828623296925798e-05 res_LSR=1.150147266315571e-08 time=6.899136960506439
Memory: 14.70 GB 136|300 error=0.004941863007843494 error_LSR=2.622233296278864e-05 res=0.00011447138240328059 res_LSR=9.776598197674957e-09 time=6.897322306409478
Memory: 14.70 GB 137|300 error=0.010295151732861996 error_LSR=7.091795851010829e-05 res=9.340746328234673e-05 res_LSR=9.160910252603571e-09 time=6.895936754532158
Memory: 14.70 GB 138|300 error=0.015241297893226147 error_LSR=0.0001827644882723689 res=0.0004457665199879557 res_LSR=1.2809787008905005e-08 time=6.901599475182593
Memory: 14.70 GB 139|300 error=0.0056192330084741116 error_LSR=2.6655005058273673e-05 res=8.635780250187963e-05 res_LSR=4.70084016157557e-09 time=6.895070385187864
Memory: 14.70 GB 140|300 error=0.009636313654482365 error_LSR=0.00017243114416487515 res=2.0432569726835936e-05 res_LSR=8.248350447104258e-09 time=6.895682409405708
Memory: 14.70 GB 141|300 error=0.04146106541156769 error_LSR=0.0019810625817626715 res=0.0010443308856338263 res_LSR=1.2281574868211464e-08 time=6.890860177576542
Memory: 14.70 GB 142|300 error=0.004317593295127153 error_LSR=3.308282975922339e-05 res=4.533685932983644e-05 res_LSR=1.3929629005815514e-08 time=6.89460997376591
Memory: 14.70 GB 143|300 error=0.01497666910290718 error_LSR=0.000154802983161062 res=4.1615225200075656e-05 res_LSR=5.466485486493866e-09 time=6.895004926249385
Memory: 14.70 GB 144|300 error=0.0161092858761549 error_LSR=0.00017076001677196473 res=0.00018622510833665729 res_LSR=8.093226533389952e-09 time=6.891210293397307
Memory: 14.70 GB 145|300 error=0.009350672364234924 error_LSR=4.569951488520019e-05 res=0.000112860907393042 res_LSR=6.854352641028072e-09 time=6.898523175157607
Memory: 14.70 GB 146|300 error=0.003721343819051981 error_LSR=5.0824321078835055e-05 res=3.018396091647446e-05 res_LSR=5.354197529783278e-09 time=6.893657088279724
Memory: 14.70 GB 147|300 error=0.004231774248182774 error_LSR=3.353576175868511e-05 res=4.9405498430132866e-05 res_LSR=6.536649443944498e-09 time=6.896509448066354
Memory: 14.70 GB 148|300 error=0.007465936243534088 error_LSR=4.3634241592371836e-05 res=0.0001667685282882303 res_LSR=1.2981312025317493e-08 time=6.89209745451808
Memory: 14.70 GB 149|300 error=0.0033605052158236504 error_LSR=3.0487764888675883e-05 res=1.0362499779148493e-05 res_LSR=4.854461721492953e-09 time=6.8934009578078985
Memory: 14.70 GB 150|300 error=0.004055969882756472 error_LSR=2.8067395760444924e-05 res=4.8853802582016215e-05 res_LSR=6.571454047588077e-09 time=6.8926855912432075
Memory: 14.70 GB 151|300 error=0.004033009056001902 error_LSR=4.484027886064723e-05 res=0.00010827948426594958 res_LSR=9.435164649573835e-09 time=6.892986682243645
Memory: 14.70 GB 152|300 error=0.005410929210484028 error_LSR=2.5580307919881307e-05 res=6.102812403696589e-05 res_LSR=9.188079630462198e-09 time=6.895317574962974
Memory: 14.70 GB 153|300 error=0.006850126665085554 error_LSR=4.770658051711507e-05 res=0.00011362138320691884 res_LSR=6.210512104587451e-09 time=6.893681647256017
Memory: 14.70 GB 154|300 error=0.03602781519293785 error_LSR=0.0014186754124239087 res=0.0009818831458687782 res_LSR=1.0402220418370689e-08 time=6.8962186593562365
Memory: 14.70 GB 155|300 error=0.004213110543787479 error_LSR=4.248947880114429e-05 res=6.710612069582567e-05 res_LSR=1.1809246913685456e-08 time=6.8959732903167605
Memory: 14.70 GB 156|300 error=0.005767369642853737 error_LSR=2.1756975911557674e-05 res=9.051879897015169e-05 res_LSR=3.940502146804192e-09 time=6.8891753843054175
Memory: 14.70 GB 157|300 error=0.004214813467115164 error_LSR=2.5291647034464404e-05 res=5.593009336735122e-05 res_LSR=6.248996431423848e-09 time=6.900105313397944
Memory: 14.70 GB 158|300 error=0.006846313364803791 error_LSR=0.0001188205205835402 res=3.4807111660484225e-05 res_LSR=9.243915854995066e-09 time=6.89188761357218
Memory: 14.70 GB 159|300 error=0.022356024011969566 error_LSR=0.0005804870743304491 res=0.001232521259225905 res_LSR=5.391175950109073e-09 time=6.895197839476168
Memory: 14.70 GB 160|300 error=0.006322016473859549 error_LSR=5.263669663690962e-05 res=2.6929692467092536e-05 res_LSR=7.156621517623307e-09 time=6.89910215139389
Memory: 14.70 GB 161|300 error=0.004965623375028372 error_LSR=2.2797270503360778e-05 res=9.325143037131056e-05 res_LSR=6.813465347477177e-09 time=6.893951664678752
Memory: 14.70 GB 162|300 error=0.008700150065124035 error_LSR=4.9030790250981227e-05 res=8.46378316055052e-05 res_LSR=6.530145313377034e-09 time=6.895524939522147
Memory: 14.70 GB 163|300 error=0.004186167847365141 error_LSR=3.089265010203235e-05 res=2.8511605705716647e-05 res_LSR=9.890606555984505e-09 time=6.891837902367115
Memory: 14.70 GB 164|300 error=0.016893355175852776 error_LSR=0.00021053281670901924 res=3.912514875992201e-05 res_LSR=5.2764175251240886e-09 time=6.8941494366154075
Memory: 14.70 GB 165|300 error=0.011519880965352058 error_LSR=7.919392373878509e-05 res=0.00012538737792056054 res_LSR=5.24685539460279e-09 time=6.893144980072975
Memory: 14.70 GB 166|300 error=0.0043959529139101505 error_LSR=2.7214959118282422e-05 res=3.776867742999457e-05 res_LSR=4.028338107531226e-09 time=6.892698757350445
Memory: 14.70 GB 167|300 error=0.008804879151284695 error_LSR=3.876909613609314e-05 res=8.889293530955911e-05 res_LSR=6.513359185333911e-09 time=6.894921563565731
Memory: 14.70 GB 168|300 error=0.01669800840318203 error_LSR=0.00029363593785092235 res=0.00035059137735515833 res_LSR=8.958138231207613e-09 time=6.894048571586609
Memory: 14.70 GB 169|300 error=0.009604042395949364 error_LSR=7.375383574981242e-05 res=7.097836351022124e-05 res_LSR=9.479983020810323e-09 time=6.895335705019534
Memory: 14.70 GB 170|300 error=0.014084198512136936 error_LSR=0.00011363693920429796 res=4.1889274143613875e-05 res_LSR=6.962261434040329e-09 time=6.894697422161698
Memory: 14.70 GB 171|300 error=0.01887403428554535 error_LSR=0.0003565953520592302 res=0.0003144580696243793 res_LSR=1.817548778149103e-08 time=6.895543656311929
Memory: 14.70 GB 172|300 error=0.006751019507646561 error_LSR=8.210643864003941e-05 res=3.591014683479443e-05 res_LSR=6.724328205365282e-09 time=6.891890749335289
Memory: 14.70 GB 173|300 error=0.006642649881541729 error_LSR=0.00010974563338095322 res=2.740118361543864e-05 res_LSR=8.974209819712087e-09 time=6.894877520389855
Memory: 14.70 GB 174|300 error=0.010447579436004162 error_LSR=5.279243487166241e-05 res=5.625537596642971e-05 res_LSR=4.824626476107596e-09 time=6.895386748015881
Memory: 14.70 GB 175|300 error=0.007165322080254555 error_LSR=4.281408473616466e-05 res=3.384854062460363e-05 res_LSR=5.987895512760133e-09 time=6.900014751590788
Memory: 14.70 GB 176|300 error=0.003570256754755974 error_LSR=4.9467995268059894e-05 res=5.1807815907523036e-05 res_LSR=1.2300370499929159e-08 time=6.893412683159113
Memory: 14.70 GB 177|300 error=0.01665506511926651 error_LSR=0.00020025554113090038 res=0.0002047661691904068 res_LSR=7.731816076272935e-09 time=6.894094729796052
Memory: 14.70 GB 178|300 error=0.013850491493940353 error_LSR=0.0001414747821399942 res=0.0008282358758151531 res_LSR=1.033453855825428e-08 time=6.8949929513037205
Memory: 14.70 GB 179|300 error=0.005718570202589035 error_LSR=6.713438779115677e-05 res=3.789798938669264e-05 res_LSR=1.3208211413484605e-08 time=6.89255488011986
Memory: 14.70 GB 180|300 error=0.004976709373295307 error_LSR=2.920730912592262e-05 res=6.355651566991583e-05 res_LSR=5.545988113198064e-09 time=6.896318995393813
Memory: 14.70 GB 181|300 error=0.022920699790120125 error_LSR=0.0005245388019829988 res=0.00047205801820382476 res_LSR=9.431619929500812e-09 time=6.89420192502439
Memory: 14.70 GB 182|300 error=0.012839716859161854 error_LSR=7.371741230599582e-05 res=0.00025176091003231704 res_LSR=1.0716068921112765e-08 time=6.893430417403579
Memory: 14.70 GB 183|300 error=0.0049894386902451515 error_LSR=5.018615411245264e-05 res=4.622560663847253e-05 res_LSR=9.529252942286348e-09 time=6.889796020463109
Memory: 14.70 GB 184|300 error=0.0036927605979144573 error_LSR=0.0001404369540978223 res=2.0605350073310547e-05 res_LSR=1.0686962426120772e-08 time=6.892719488590956
Memory: 14.70 GB 185|300 error=0.006194465793669224 error_LSR=4.185056241112761e-05 res=0.00011185320181539282 res_LSR=1.0380146520105882e-08 time=6.900649672374129
Memory: 14.70 GB 186|300 error=0.00953096803277731 error_LSR=6.799077527830377e-05 res=2.1769867089460604e-05 res_LSR=4.824210364517967e-09 time=6.8969984743744135
Memory: 14.70 GB 187|300 error=0.006339814979583025 error_LSR=2.6602274374454282e-05 res=5.143285670783371e-05 res_LSR=8.018104402651716e-09 time=6.89478369615972
Memory: 14.70 GB 188|300 error=0.006236541550606489 error_LSR=5.8952013205271214e-05 res=5.796919504064135e-05 res_LSR=7.228428078320803e-09 time=6.894743552431464
Memory: 14.70 GB 189|300 error=0.013322340324521065 error_LSR=0.00017768841644283384 res=0.0003381348215043545 res_LSR=7.4148007733754184e-09 time=6.900598917156458
Memory: 14.70 GB 190|300 error=0.012610085308551788 error_LSR=0.00011495937360450625 res=3.6433419154491276e-05 res_LSR=6.451881695568318e-09 time=6.8959009777754545
Memory: 14.70 GB 191|300 error=0.0057804761454463005 error_LSR=3.454161560512148e-05 res=9.519803279545158e-05 res_LSR=6.388539919299774e-09 time=6.890476340427995
Memory: 14.70 GB 192|300 error=0.0032551472540944815 error_LSR=5.048594539402984e-05 res=2.3414555471390486e-05 res_LSR=1.1606538841135716e-08 time=6.894990453496575
Memory: 14.70 GB 193|300 error=0.004360404331237078 error_LSR=3.674448817037046e-05 res=3.611828651628457e-05 res_LSR=6.791491369284586e-09 time=6.893836006522179
Memory: 14.70 GB 194|300 error=0.006185073405504227 error_LSR=3.3724369131959975e-05 res=3.597184695536271e-05 res_LSR=7.266106827330532e-09 time=6.892388160340488
Memory: 14.70 GB 195|300 error=0.033243920654058456 error_LSR=0.0006159726763144135 res=0.002152954461053014 res_LSR=1.2314452568773504e-08 time=6.894526907242835
Memory: 14.70 GB 196|300 error=0.012817363254725933 error_LSR=0.00010613812628434971 res=0.0002632521791383624 res_LSR=1.5916326034925987e-08 time=6.896477436646819
Memory: 14.70 GB 197|300 error=0.1584274023771286 error_LSR=0.0334760807454586 res=0.08560118079185486 res_LSR=1.9257988981280505e-08 time=6.8957673432305455
Memory: 14.70 GB 198|300 error=0.008329915814101696 error_LSR=5.9794892877107486e-05 res=0.0001322171010542661 res_LSR=8.345874213944171e-09 time=6.894767842255533
Memory: 14.70 GB 199|300 error=0.012850668281316757 error_LSR=0.00016779355064500123 res=0.00042852992191910744 res_LSR=8.700967057961861e-09 time=6.894348565489054
Memory: 14.70 GB 200|300 error=0.0063583566807210445 error_LSR=3.795833981712349e-05 res=9.41536491154693e-05 res_LSR=7.918894873171212e-09 time=6.896321229636669
Memory: 14.70 GB 201|300 error=0.004493659362196922 error_LSR=2.6411236831336282e-05 res=7.779912994010374e-05 res_LSR=1.0097243929862998e-08 time=6.893919046036899
Memory: 14.70 GB 202|300 error=0.00510737020522356 error_LSR=5.047198646934703e-05 res=2.2264001017902046e-05 res_LSR=6.325207024815427e-09 time=6.894336952827871
Memory: 14.70 GB 203|300 error=0.013329844921827316 error_LSR=5.742080247728154e-05 res=4.414300201460719e-05 res_LSR=2.5612827414533967e-09 time=6.893723173998296
Memory: 14.70 GB 204|300 error=0.005302970763295889 error_LSR=3.06984074995853e-05 res=4.765732228406705e-05 res_LSR=4.195413350061017e-09 time=6.900585304014385
Memory: 14.70 GB 205|300 error=0.006008382420986891 error_LSR=4.3995965825160965e-05 res=3.404614471946843e-05 res_LSR=1.4026621641960446e-08 time=6.895769460126758
Memory: 14.70 GB 206|300 error=0.01939963363111019 error_LSR=0.00029474947950802743 res=0.0008842150564305484 res_LSR=7.55459250711965e-09 time=6.894931829534471
Memory: 14.70 GB 207|300 error=0.007284504361450672 error_LSR=3.236168413423002e-05 res=5.696970038115978e-05 res_LSR=5.932393243313072e-09 time=6.891903392970562
Memory: 14.70 GB 208|300 error=0.022946810349822044 error_LSR=0.0005383570678532124 res=0.0007047545514069498 res_LSR=7.273508462191103e-09 time=6.895503470674157
Memory: 14.70 GB 209|300 error=0.01298603042960167 error_LSR=0.00012813840294256806 res=0.0005449925665743649 res_LSR=7.484826980430626e-09 time=6.8926846124231815
Memory: 14.70 GB 210|300 error=0.016151348128914833 error_LSR=8.578945562476292e-05 res=0.00018419382104184479 res_LSR=1.0264484373578853e-08 time=6.893810669891536
Memory: 14.70 GB 211|300 error=0.006092891562730074 error_LSR=3.177221879013814e-05 res=9.300716919824481e-05 res_LSR=6.252812934093299e-09 time=6.894226033240557
Memory: 14.70 GB 212|300 error=0.08522431552410126 error_LSR=0.008406621403992176 res=0.010883241891860962 res_LSR=2.2190679516143064e-08 time=6.902601053006947
Memory: 14.70 GB 213|300 error=0.026958167552947998 error_LSR=0.0004786164208780974 res=0.0005761218490079045 res_LSR=5.506570310842562e-09 time=6.893114558421075
Memory: 14.70 GB 214|300 error=0.006282408256083727 error_LSR=3.221745646442287e-05 res=7.92419450590387e-05 res_LSR=1.03695478870236e-08 time=6.896624598652124
Memory: 14.70 GB 215|300 error=0.012922483496367931 error_LSR=0.0001177029189420864 res=0.0002114542294293642 res_LSR=4.9796926582246215e-09 time=6.894996151328087
Memory: 14.70 GB 216|300 error=0.007624504156410694 error_LSR=2.850265082088299e-05 res=0.0003395363164599985 res_LSR=8.988393140896278e-09 time=6.893650531768799
Memory: 14.70 GB 217|300 error=0.005831519141793251 error_LSR=2.168554419768043e-05 res=0.00014722433115821332 res_LSR=9.622262986397345e-09 time=6.8948988281190395
Memory: 14.70 GB 218|300 error=0.005310204345732927 error_LSR=3.4026310459012166e-05 res=6.479387229774147e-05 res_LSR=1.0266361982758099e-08 time=6.8944240510463715
Memory: 14.70 GB 219|300 error=0.010687913745641708 error_LSR=4.8985461035044864e-05 res=0.00015295116463676095 res_LSR=8.154300346063792e-09 time=6.8939499240368605
Memory: 14.70 GB 220|300 error=0.040498536080121994 error_LSR=0.0013560608495026827 res=0.0012138066813349724 res_LSR=1.3234267903783348e-08 time=6.8960773423314095
Memory: 14.70 GB 221|300 error=0.02569478191435337 error_LSR=0.0003835820243693888 res=0.0006829147459939122 res_LSR=7.3928267951828275e-09 time=6.894941019825637
Memory: 14.70 GB 222|300 error=0.02851317636668682 error_LSR=0.0004872574645560235 res=0.0009193829027935863 res_LSR=9.94393367648172e-09 time=6.892241190187633
Memory: 14.70 GB 223|300 error=0.01026078313589096 error_LSR=6.906638736836612e-05 res=0.0001905100216390565 res_LSR=1.915854852541088e-08 time=6.895694532431662
Memory: 14.70 GB 224|300 error=0.006966748274862766 error_LSR=4.652407005778514e-05 res=2.986656363646034e-05 res_LSR=7.987043026957963e-09 time=6.895105865783989
Memory: 14.70 GB 225|300 error=0.020534520968794823 error_LSR=0.0003141786437481642 res=0.0007392977131530643 res_LSR=9.269320422333749e-09 time=6.892705883830786
Memory: 14.70 GB 226|300 error=0.005884580314159393 error_LSR=7.045988604659215e-05 res=3.409738201298751e-05 res_LSR=7.831538084701606e-09 time=6.896940167993307
Memory: 14.70 GB 227|300 error=0.007834495976567268 error_LSR=3.420030770939775e-05 res=0.00019841399625875056 res_LSR=7.725575734696122e-09 time=6.894247029908001
Memory: 14.70 GB 228|300 error=0.005615965463221073 error_LSR=3.0133331165416166e-05 res=4.0576691390015185e-05 res_LSR=8.936196671527341e-09 time=6.894489816389978
Memory: 14.70 GB 229|300 error=0.015290160663425922 error_LSR=0.00012629662523977458 res=0.0011698235757648945 res_LSR=1.0124299620883903e-08 time=6.893080770038068
Memory: 14.70 GB 230|300 error=0.004454219248145819 error_LSR=3.3985830668825656e-05 res=3.844939419650473e-05 res_LSR=6.320830969741564e-09 time=6.894447515718639
Memory: 14.70 GB 231|300 error=0.006716925650835037 error_LSR=4.655283555621281e-05 res=7.389728853013366e-05 res_LSR=9.236871711948424e-09 time=6.899070980027318
Memory: 14.70 GB 232|300 error=0.004771518521010876 error_LSR=4.7450717829633504e-05 res=4.5238597522256896e-05 res_LSR=7.083999165047317e-09 time=6.891781570389867
Memory: 14.70 GB 233|300 error=0.006113813724368811 error_LSR=3.842837759293616e-05 res=8.306211384478956e-05 res_LSR=8.745213442296063e-09 time=6.897615836001933
Memory: 14.70 GB 234|300 error=0.020454388111829758 error_LSR=9.954270353773609e-05 res=6.066072091925889e-05 res_LSR=3.4991318731414367e-09 time=6.890869469381869
Memory: 14.70 GB 235|300 error=0.053270742297172546 error_LSR=0.0028976809699088335 res=0.0013760683359578252 res_LSR=1.124189541457099e-08 time=6.894558084197342
Memory: 14.70 GB 236|300 error=0.0032627559266984463 error_LSR=4.6134795411489904e-05 res=2.6368963517597876e-05 res_LSR=6.7923897617561124e-09 time=6.8954913392663
Memory: 14.70 GB 237|300 error=0.00819449219852686 error_LSR=2.8301319616730325e-05 res=0.00012187028914922848 res_LSR=5.764723365331292e-09 time=6.89374636951834
Memory: 14.70 GB 238|300 error=0.008816871792078018 error_LSR=4.886132592218928e-05 res=0.00010623088746797293 res_LSR=5.938312064301954e-09 time=6.89640807826072
Memory: 14.70 GB 239|300 error=0.0059516350738704205 error_LSR=7.929476851131767e-05 res=1.935578984557651e-05 res_LSR=6.46416742355882e-09 time=6.894767601042986
Memory: 14.70 GB 240|300 error=0.017291700467467308 error_LSR=0.00014765978266950697 res=0.00027365851565264165 res_LSR=7.331766305185283e-09 time=6.893903613090515
Memory: 14.70 GB 241|300 error=0.01052415557205677 error_LSR=7.430242840200663e-05 res=0.00017896499775815755 res_LSR=5.621695553514883e-09 time=6.895118608139455
Memory: 14.70 GB 242|300 error=0.00677766278386116 error_LSR=5.0443410145817325e-05 res=4.352820178610273e-05 res_LSR=7.988981920448168e-09 time=6.896886856295168
Memory: 14.70 GB 243|300 error=0.008669059723615646 error_LSR=4.3833912059199065e-05 res=7.526464469265193e-05 res_LSR=7.811584268324623e-09 time=6.893384264782071
Memory: 14.70 GB 244|300 error=0.00872770044952631 error_LSR=6.248134741326794e-05 res=2.322892760275863e-05 res_LSR=7.33506366756842e-09 time=6.893831320106983
Memory: 14.70 GB 245|300 error=0.005034877918660641 error_LSR=8.616565173724666e-05 res=2.2160787921166047e-05 res_LSR=1.2261276438607638e-08 time=6.897847104817629
Memory: 14.70 GB 246|300 error=0.03235499933362007 error_LSR=0.00011768257536459714 res=0.00010977799684042111 res_LSR=6.452431033920902e-09 time=6.893337490037084
Memory: 14.70 GB 247|300 error=0.037868473678827286 error_LSR=0.001477995770983398 res=0.0022977394983172417 res_LSR=2.245139008039132e-08 time=6.896595667116344
Memory: 14.70 GB 248|300 error=0.009240716695785522 error_LSR=4.235129745211452e-05 res=0.00010670716437743977 res_LSR=7.892316133961685e-09 time=6.892044370993972
Memory: 14.70 GB 249|300 error=0.007494176737964153 error_LSR=6.301340908976272e-05 res=5.836747368448414e-05 res_LSR=1.3979233770555766e-08 time=6.899320377968252
Memory: 14.70 GB 250|300 error=0.006695227697491646 error_LSR=4.5138589484849945e-05 res=3.2513482437934726e-05 res_LSR=6.5825407347119835e-09 time=6.894834764301777
Memory: 14.70 GB 251|300 error=0.00883331149816513 error_LSR=5.96949175815098e-05 res=0.00016228717868216336 res_LSR=6.6937930753852015e-09 time=6.893101318739355
Memory: 14.70 GB 252|300 error=0.00781643483787775 error_LSR=6.818956171628088e-05 res=4.791585524799302e-05 res_LSR=7.253177614074957e-09 time=6.8960090186446905
Memory: 14.70 GB 253|300 error=0.04096008464694023 error_LSR=0.0013536183396354318 res=0.0015362679259851575 res_LSR=1.6253306256430733e-08 time=6.897559815086424
Memory: 14.70 GB 254|300 error=0.008681712672114372 error_LSR=3.3996413549175486e-05 res=3.113526327069849e-05 res_LSR=3.4432161566400055e-09 time=6.892723334021866
Memory: 14.70 GB 255|300 error=0.0072493827901780605 error_LSR=5.724235961679369e-05 res=4.796547727892175e-05 res_LSR=3.4163047946123015e-09 time=6.893759177997708
Memory: 14.70 GB 256|300 error=0.0073301284573972225 error_LSR=8.097265526885167e-05 res=1.311547021032311e-05 res_LSR=4.666545372344899e-09 time=6.890978737734258
Memory: 14.70 GB 257|300 error=0.007424305193126202 error_LSR=2.62780740740709e-05 res=3.656729677459225e-05 res_LSR=3.572598661349957e-09 time=6.899514939635992
Memory: 14.70 GB 258|300 error=0.007429209537804127 error_LSR=4.7548197471769527e-05 res=9.642240911489353e-05 res_LSR=8.838543230638152e-09 time=6.894453703425825
Memory: 14.70 GB 259|300 error=0.05873720347881317 error_LSR=0.0032924278639256954 res=0.012913739308714867 res_LSR=1.3746017657467746e-08 time=6.902367728762329
Memory: 14.70 GB 260|300 error=0.01232669036835432 error_LSR=6.134981231298298e-05 res=7.760203152429312e-05 res_LSR=7.088622133721856e-09 time=6.896091163158417
Memory: 14.70 GB 261|300 error=0.008062927052378654 error_LSR=3.7691886973334476e-05 res=0.00011279845057288185 res_LSR=8.161853415344922e-09 time=6.893118710257113
Memory: 14.70 GB 262|300 error=0.0049307928420603275 error_LSR=3.460637162788771e-05 res=0.0001873463625088334 res_LSR=7.538504931403622e-09 time=6.896272188983858
Memory: 14.70 GB 263|300 error=0.009165987372398376 error_LSR=3.394262967049144e-05 res=0.00016962613153737038 res_LSR=2.668778087411283e-09 time=6.895764577202499
Memory: 14.70 GB 264|300 error=0.01060381717979908 error_LSR=8.883769623935223e-05 res=3.5091979952994734e-05 res_LSR=5.712643691424546e-09 time=6.89488925691694
Memory: 14.70 GB 265|300 error=0.016694996505975723 error_LSR=0.00018647921388037503 res=0.0006091393297538161 res_LSR=9.96072913039825e-09 time=6.902264221571386
Memory: 14.70 GB 266|300 error=0.004627661779522896 error_LSR=2.592214150354266e-05 res=3.9985578041523695e-05 res_LSR=5.083779175407699e-09 time=6.894662064500153
Memory: 14.70 GB 267|300 error=0.0073105087503790855 error_LSR=2.633585609146394e-05 res=5.113982115290128e-05 res_LSR=7.215292363582648e-09 time=6.893613450229168
Memory: 14.70 GB 268|300 error=0.015234549529850483 error_LSR=0.00013380656309891492 res=0.0006747963489033282 res_LSR=1.575250330176914e-08 time=6.895137741230428
Memory: 14.70 GB 269|300 error=0.025323577225208282 error_LSR=0.0006169994594529271 res=0.0017592179356142879 res_LSR=7.840196936115262e-09 time=6.9009666768833995
Memory: 14.70 GB 270|300 error=0.014473952353000641 error_LSR=0.00010096580081153661 res=6.018793646944687e-05 res_LSR=8.779099225364462e-09 time=6.897348629310727
Memory: 14.70 GB 271|300 error=0.00454992800951004 error_LSR=3.2487489079358056e-05 res=2.9980665203765966e-05 res_LSR=4.259046004762013e-09 time=6.893260671757162
Memory: 14.70 GB 272|300 error=0.004468484781682491 error_LSR=2.69927204499254e-05 res=5.813968164147809e-05 res_LSR=4.782986451346005e-09 time=6.902260817587376
Memory: 14.70 GB 273|300 error=0.039143845438957214 error_LSR=0.0015323059633374214 res=0.004768675193190575 res_LSR=1.8664408685253875e-08 time=6.8966611828655005
Memory: 14.70 GB 274|300 error=0.012914802879095078 error_LSR=0.00021432308130897582 res=1.9669045286718756e-05 res_LSR=8.205882195966296e-09 time=6.897696641273797
Memory: 14.70 GB 275|300 error=0.009762447327375412 error_LSR=0.00023108135792426765 res=1.6610511011094786e-05 res_LSR=9.441267323495595e-09 time=6.8949259873479605
Memory: 14.70 GB 276|300 error=0.020702306181192398 error_LSR=0.00033232601708732545 res=0.0008487786981277168 res_LSR=5.4431601448357014e-09 time=6.895847003906965
Memory: 14.70 GB 277|300 error=0.009429707191884518 error_LSR=3.756874139071442e-05 res=0.00017390564607921988 res_LSR=4.125671360100114e-09 time=6.893471118994057
Memory: 14.70 GB 278|300 error=0.016718069091439247 error_LSR=0.00017685948114376515 res=0.0002512313367333263 res_LSR=9.687218138765274e-09 time=6.893315919674933
Memory: 14.70 GB 279|300 error=0.009395992383360863 error_LSR=0.00014269613893702626 res=1.7674568880465813e-05 res_LSR=9.67580060518003e-09 time=6.896331747993827
Memory: 14.70 GB 280|300 error=0.008164933882653713 error_LSR=4.579191590892151e-05 res=7.93178187450394e-05 res_LSR=5.8257305646236546e-09 time=6.9006234388798475
Memory: 14.70 GB 281|300 error=0.02861490100622177 error_LSR=0.0009062894969247282 res=0.0008050179458223283 res_LSR=1.6103822275681523e-08 time=6.898640055209398
Memory: 14.70 GB 282|300 error=0.09077832102775574 error_LSR=0.010280967690050602 res=0.01914503052830696 res_LSR=1.1198912908128023e-08 time=6.893356580287218
Memory: 14.70 GB 283|300 error=0.006155618000775576 error_LSR=2.8719810870825313e-05 res=8.183655154425651e-05 res_LSR=9.018911839575594e-09 time=6.889409557916224
Memory: 14.70 GB 284|300 error=0.006233764812350273 error_LSR=7.0819107349962e-05 res=2.0848952772212215e-05 res_LSR=6.621245773885676e-09 time=6.891028654761612
Memory: 14.70 GB 285|300 error=0.010050974786281586 error_LSR=6.251929153222591e-05 res=9.005486208479851e-05 res_LSR=1.0538457217990072e-08 time=6.892598649486899
Memory: 14.70 GB 286|300 error=0.011113055981695652 error_LSR=5.574630995397456e-05 res=8.087818423518911e-05 res_LSR=6.984311795577014e-09 time=6.8898492064327
Memory: 14.70 GB 287|300 error=0.009328160434961319 error_LSR=0.00014931338955648243 res=1.8325838027521968e-05 res_LSR=6.5686140970910856e-09 time=6.885337041690946
Memory: 14.70 GB 288|300 error=0.0051842727698385715 error_LSR=3.035066583834123e-05 res=3.7286259612301365e-05 res_LSR=3.4412284133367166e-09 time=6.892879143357277
Memory: 14.70 GB 289|300 error=0.005973185878247023 error_LSR=3.6396679206518456e-05 res=6.338216917356476e-05 res_LSR=1.2599818965952636e-08 time=6.887068957090378
Memory: 14.70 GB 290|300 error=0.012103110551834106 error_LSR=6.487619975814596e-05 res=0.00021713161549996585 res_LSR=7.752105624092565e-09 time=6.895891211926937
Memory: 14.70 GB 291|300 error=0.007891231216490269 error_LSR=7.343549077631906e-05 res=4.543480827123858e-05 res_LSR=8.971785980804725e-09 time=6.889558392576873
Memory: 14.70 GB 292|300 error=0.006571680773049593 error_LSR=3.365332304383628e-05 res=6.553262210218236e-05 res_LSR=6.033964883300769e-09 time=6.888655188493431
Memory: 14.70 GB 293|300 error=0.019968071952462196 error_LSR=0.00042518734699115157 res=0.0006530290120281279 res_LSR=6.344422320836429e-09 time=6.892224232666194
Memory: 14.70 GB 294|300 error=0.01604965329170227 error_LSR=0.00022097954933997244 res=0.0005112788639962673 res_LSR=1.0328481181431926e-08 time=6.887599886395037
Memory: 14.70 GB 295|300 error=0.007674454711377621 error_LSR=3.043889591936022e-05 res=0.00019900912593584508 res_LSR=1.24770105358607e-08 time=6.891811908222735
Memory: 14.70 GB 296|300 error=0.010279571637511253 error_LSR=5.558632255997509e-05 res=0.0006010215729475021 res_LSR=4.88438578472028e-09 time=6.886892523616552
Memory: 14.70 GB 297|300 error=0.00793286133557558 error_LSR=0.00014416675549000502 res=1.3634174138132948e-05 res_LSR=7.0516028571887546e-09 time=6.886564005166292
Memory: 14.70 GB 298|300 error=0.040425240993499756 error_LSR=0.001194451004266739 res=0.001401532324962318 res_LSR=1.1070914851529778e-08 time=6.888570251874626
Memory: 14.70 GB 299|300 error=0.004524977877736092 error_LSR=3.5180615668650717e-05 res=5.528472320293076e-05 res_LSR=9.918939447572939e-09 time=6.884192302823067
{'error': 0.012458642154621582, 'error_LSR': 0.00039586911271423256, 'res': 0.0006752986823539686, 'res_LSR': 8.527798249039856e-09, 'time': 6.8949918454544}
{'error': 0.01463063239270385, 'error_LSR': 0.002192758627070755, 'res': 0.005141851050359797, 'res_LSR': 3.6381768503566627e-09, 'time': 0.019128748764831217}
